<html>
<body>
<pre>
<h1>µVision Build Log</h1>
<h2>Tool Versions:</h2>
IDE-Version: ¦ÌVision V5.14.0.0
Copyright (C) 2015 ARM Ltd and ARM Germany GmbH. All rights reserved.
License Information: zhao westzhao, hdu, LIC=PE7Z9-42KJD-PZHWB-2LC7M-XARN1-NJDPW
 
Tool Versions:
Toolchain:       MDK-ARM Standard  Version: 5.14.0.0
Toolchain Path:  f:\Keil_v5\ARM\ARMCC\Bin
C Compiler:      Armcc.exe V5.05 update 1 (build 106)
Assembler:       Armasm.exe V5.05 update 1 (build 106)
Linker/Locator:  ArmLink.exe V5.05 update 1 (build 106)
Library Manager: ArmAr.exe V5.05 update 1 (build 106)
Hex Converter:   FromElf.exe V5.05 update 1 (build 106)
CPU DLL:         SARMCM3.DLL V5.14.0.0
Dialog DLL:      DARMCM1.DLL V1.12.0.0
Target DLL:      STLink\ST-LINKIII-KEIL_SWO.dll V2.0.14.0_KEIL
Dialog DLL:      TARMCM1.DLL V1.9.0.0
 
<h2>Project:</h2>
H:\SmartBand(Threshold)\V2.0\MDK-ARM\SmartBand_v2.0.uvprojx
Project File Date:  02/18/2016

<h2>Output:</h2>
Build target 'SamaritanProject'
compiling Threshold_SYS.c...
linking...
Program Size: Code=17232 RO-data=840 RW-data=192 ZI-data=7440  
After Build - User command #1: F:\Keil_v5\ARM\ARMCC\bin\fromelf.exe --bin -o  ../bin/test1/test1.bin H:\SmartBand(Threshold)\V2.0\MDK-ARM\Objects/SmartBand_V2.0.axf
".\Objects\SmartBand_v2.0.axf" - 0 Error(s), 0 Warning(s).

<h2>Software Packages used:</h2>

Package Vendor: ARM
                http://www.keil.com/pack/ARM.CMSIS.4.2.0.pack
                ARM::CMSIS:CORE:3.40.0
                CMSIS (Cortex Microcontroller Software Interface Standard)
   * Component: CORE Version: 3.40.0

<h2>Collection of Component include folders:</h2>
  H:\SmartBand(Threshold)\V2.0\MDK-ARM\RTE
  f:\Keil_v5\ARM\PACK\ARM\CMSIS\4.2.0\CMSIS\Include
  f:\Keil_v5\ARM\PACK\Keil\STM32L0xx_DFP\1.4.0

<h2>Collection of Component Files used:</h2>

   * Component: ARM::CMSIS:CORE:3.40.0
      Source file:   CMSIS\UserCodeTemplates\ARM\ITM_Retarget.c
</pre>
</body>
</html>
