Component: ARM Compiler 5.05 update 1 (build 106) Tool: armlink [4d0efa]

==============================================================================

Section Cross References

    system_stm32l0xx.o(i.SystemCoreClockUpdate) refers to aeabi_sdiv.o(.text) for __aeabi_uidivmod
    system_stm32l0xx.o(i.SystemCoreClockUpdate) refers to system_stm32l0xx.o(.data) for .data
    system_stm32l0xx.o(i.SystemCoreClockUpdate) refers to system_stm32l0xx.o(.constdata) for .constdata
    stm32l0xx_hal.o(i.HAL_DeInit) refers to stm32l0xx_hal_msp_template.o(i.HAL_MspDeInit) for HAL_MspDeInit
    stm32l0xx_hal.o(i.HAL_Delay) refers to stm32l0xx_hal.o(i.HAL_GetTick) for HAL_GetTick
    stm32l0xx_hal.o(i.HAL_GetTick) refers to stm32l0xx_hal.o(.data) for .data
    stm32l0xx_hal.o(i.HAL_IncTick) refers to stm32l0xx_hal.o(.data) for .data
    stm32l0xx_hal.o(i.HAL_Init) refers to stm32l0xx_hal.o(i.HAL_InitTick) for HAL_InitTick
    stm32l0xx_hal.o(i.HAL_Init) refers to stm32l0xx_hal_msp_template.o(i.HAL_MspInit) for HAL_MspInit
    stm32l0xx_hal.o(i.HAL_InitTick) refers to stm32l0xx_hal_rcc.o(i.HAL_RCC_GetHCLKFreq) for HAL_RCC_GetHCLKFreq
    stm32l0xx_hal.o(i.HAL_InitTick) refers to aeabi_sdiv.o(.text) for __aeabi_uidivmod
    stm32l0xx_hal.o(i.HAL_InitTick) refers to stm32l0xx_hal_cortex.o(i.HAL_SYSTICK_Config) for HAL_SYSTICK_Config
    stm32l0xx_hal.o(i.HAL_InitTick) refers to stm32l0xx_hal_cortex.o(i.HAL_NVIC_SetPriority) for HAL_NVIC_SetPriority
    stm32l0xx_hal_adc.o(i.ADC_ConversionStop) refers to stm32l0xx_hal.o(i.HAL_GetTick) for HAL_GetTick
    stm32l0xx_hal_adc.o(i.ADC_DMAConvCplt) refers to stm32l0xx_hal_adc.o(i.HAL_ADC_ConvCpltCallback) for HAL_ADC_ConvCpltCallback
    stm32l0xx_hal_adc.o(i.ADC_DMAError) refers to stm32l0xx_hal_adc.o(i.HAL_ADC_ErrorCallback) for HAL_ADC_ErrorCallback
    stm32l0xx_hal_adc.o(i.ADC_DMAHalfConvCplt) refers to stm32l0xx_hal_adc.o(i.HAL_ADC_ConvHalfCpltCallback) for HAL_ADC_ConvHalfCpltCallback
    stm32l0xx_hal_adc.o(i.ADC_DelayMicroSecond) refers to aeabi_sdiv.o(.text) for __aeabi_uidivmod
    stm32l0xx_hal_adc.o(i.ADC_DelayMicroSecond) refers to system_stm32l0xx.o(.data) for SystemCoreClock
    stm32l0xx_hal_adc.o(i.ADC_Disable) refers to stm32l0xx_hal.o(i.HAL_GetTick) for HAL_GetTick
    stm32l0xx_hal_adc.o(i.ADC_Enable) refers to stm32l0xx_hal_adc.o(i.ADC_DelayMicroSecond) for ADC_DelayMicroSecond
    stm32l0xx_hal_adc.o(i.ADC_Enable) refers to stm32l0xx_hal.o(i.HAL_GetTick) for HAL_GetTick
    stm32l0xx_hal_adc.o(i.HAL_ADC_ConfigChannel) refers to stm32l0xx_hal_adc.o(i.ADC_DelayMicroSecond) for ADC_DelayMicroSecond
    stm32l0xx_hal_adc.o(i.HAL_ADC_DeInit) refers to stm32l0xx_hal_adc.o(i.ADC_ConversionStop) for ADC_ConversionStop
    stm32l0xx_hal_adc.o(i.HAL_ADC_DeInit) refers to threshold_adc.o(i.HAL_ADC_MspDeInit) for HAL_ADC_MspDeInit
    stm32l0xx_hal_adc.o(i.HAL_ADC_DeInit) refers to stm32l0xx_hal_adc.o(i.ADC_Disable) for ADC_Disable
    stm32l0xx_hal_adc.o(i.HAL_ADC_IRQHandler) refers to stm32l0xx_hal_adc.o(i.HAL_ADC_ConvCpltCallback) for HAL_ADC_ConvCpltCallback
    stm32l0xx_hal_adc.o(i.HAL_ADC_IRQHandler) refers to stm32l0xx_hal_adc.o(i.HAL_ADC_LevelOutOfWindowCallback) for HAL_ADC_LevelOutOfWindowCallback
    stm32l0xx_hal_adc.o(i.HAL_ADC_IRQHandler) refers to stm32l0xx_hal_adc.o(i.HAL_ADC_ErrorCallback) for HAL_ADC_ErrorCallback
    stm32l0xx_hal_adc.o(i.HAL_ADC_Init) refers to threshold_adc.o(i.HAL_ADC_MspInit) for HAL_ADC_MspInit
    stm32l0xx_hal_adc.o(i.HAL_ADC_PollForConversion) refers to stm32l0xx_hal.o(i.HAL_GetTick) for HAL_GetTick
    stm32l0xx_hal_adc.o(i.HAL_ADC_PollForEvent) refers to stm32l0xx_hal.o(i.HAL_GetTick) for HAL_GetTick
    stm32l0xx_hal_adc.o(i.HAL_ADC_Start) refers to stm32l0xx_hal_adc.o(i.ADC_Enable) for ADC_Enable
    stm32l0xx_hal_adc.o(i.HAL_ADC_Start_DMA) refers to stm32l0xx_hal_adc.o(i.ADC_Enable) for ADC_Enable
    stm32l0xx_hal_adc.o(i.HAL_ADC_Start_DMA) refers to stm32l0xx_hal_dma.o(i.HAL_DMA_Start_IT) for HAL_DMA_Start_IT
    stm32l0xx_hal_adc.o(i.HAL_ADC_Start_DMA) refers to stm32l0xx_hal_adc.o(i.ADC_DMAConvCplt) for ADC_DMAConvCplt
    stm32l0xx_hal_adc.o(i.HAL_ADC_Start_DMA) refers to stm32l0xx_hal_adc.o(i.ADC_DMAHalfConvCplt) for ADC_DMAHalfConvCplt
    stm32l0xx_hal_adc.o(i.HAL_ADC_Start_DMA) refers to stm32l0xx_hal_adc.o(i.ADC_DMAError) for ADC_DMAError
    stm32l0xx_hal_adc.o(i.HAL_ADC_Start_IT) refers to stm32l0xx_hal_adc.o(i.ADC_Enable) for ADC_Enable
    stm32l0xx_hal_adc.o(i.HAL_ADC_Stop) refers to stm32l0xx_hal_adc.o(i.ADC_ConversionStop) for ADC_ConversionStop
    stm32l0xx_hal_adc.o(i.HAL_ADC_Stop) refers to stm32l0xx_hal_adc.o(i.ADC_Disable) for ADC_Disable
    stm32l0xx_hal_adc.o(i.HAL_ADC_Stop_DMA) refers to stm32l0xx_hal_adc.o(i.ADC_ConversionStop) for ADC_ConversionStop
    stm32l0xx_hal_adc.o(i.HAL_ADC_Stop_DMA) refers to stm32l0xx_hal_dma.o(i.HAL_DMA_Abort) for HAL_DMA_Abort
    stm32l0xx_hal_adc.o(i.HAL_ADC_Stop_DMA) refers to stm32l0xx_hal_adc.o(i.ADC_Disable) for ADC_Disable
[...]
    i.HAL_RCC_GetHCLKFreq                    0x08001720   Section        0  stm32l0xx_hal_rcc.o(i.HAL_RCC_GetHCLKFreq)
    i.HAL_RCC_GetPCLK1Freq                   0x08001748   Section        0  stm32l0xx_hal_rcc.o(i.HAL_RCC_GetPCLK1Freq)
    i.HAL_RCC_GetPCLK2Freq                   0x08001768   Section        0  stm32l0xx_hal_rcc.o(i.HAL_RCC_GetPCLK2Freq)
    i.HAL_RCC_GetSysClockFreq                0x08001788   Section        0  stm32l0xx_hal_rcc.o(i.HAL_RCC_GetSysClockFreq)
    i.HAL_RCC_OscConfig                      0x0800180c   Section        0  stm32l0xx_hal_rcc.o(i.HAL_RCC_OscConfig)
    i.HAL_RTCEx_GetTimeStamp                 0x08001c38   Section        0  stm32l0xx_hal_rtc_ex.o(i.HAL_RTCEx_GetTimeStamp)
    i.HAL_RTCEx_SetTamper                    0x08001cd8   Section        0  stm32l0xx_hal_rtc_ex.o(i.HAL_RTCEx_SetTamper)
    i.HAL_RTCEx_SetTimeStamp_IT              0x08001d8c   Section        0  stm32l0xx_hal_rtc_ex.o(i.HAL_RTCEx_SetTimeStamp_IT)
    i.HAL_RTCEx_Tamper1EventCallback         0x08001df8   Section        0  stm32l0xx_hal_rtc_ex.o(i.HAL_RTCEx_Tamper1EventCallback)
    i.HAL_RTCEx_Tamper2EventCallback         0x08001dfa   Section        0  stm32l0xx_hal_rtc_ex.o(i.HAL_RTCEx_Tamper2EventCallback)
    i.HAL_RTCEx_TamperTimeStampIRQHandler    0x08001dfc   Section        0  stm32l0xx_hal_rtc_ex.o(i.HAL_RTCEx_TamperTimeStampIRQHandler)
    i.HAL_RTCEx_TimeStampEventCallback       0x08001e90   Section        0  threshold_rtc.o(i.HAL_RTCEx_TimeStampEventCallback)
    i.HAL_RTC_GetDate                        0x08001ebc   Section        0  stm32l0xx_hal_rtc.o(i.HAL_RTC_GetDate)
    i.HAL_RTC_GetTime                        0x08001f00   Section        0  stm32l0xx_hal_rtc.o(i.HAL_RTC_GetTime)
    i.HAL_RTC_Init                           0x08001f5c   Section        0  stm32l0xx_hal_rtc.o(i.HAL_RTC_Init)
    i.HAL_RTC_MspInit                        0x08002000   Section        0  threshold_rtc.o(i.HAL_RTC_MspInit)
    i.HAL_RTC_SetDate                        0x0800204c   Section        0  stm32l0xx_hal_rtc.o(i.HAL_RTC_SetDate)
    i.HAL_RTC_SetTime                        0x08002118   Section        0  stm32l0xx_hal_rtc.o(i.HAL_RTC_SetTime)
    i.HAL_RTC_WaitForSynchro                 0x08002208   Section        0  stm32l0xx_hal_rtc.o(i.HAL_RTC_WaitForSynchro)
    i.HAL_SYSTICK_Config                     0x0800223c   Section        0  stm32l0xx_hal_cortex.o(i.HAL_SYSTICK_Config)
    i.HAL_UART_Init                          0x0800226c   Section        0  stm32l0xx_hal_uart.o(i.HAL_UART_Init)
    i.HAL_UART_MspInit                       0x080022d4   Section        0  threshold_uart.o(i.HAL_UART_MspInit)
    i.HardFault_Handler                      0x080023c4   Section        0  stm32l0xx_it.o(i.HardFault_Handler)
    i.I2C_Read_Len                           0x080023c6   Section        0  threshold_gpioi2c.o(i.I2C_Read_Len)
    i.I2C_Write_Len                          0x0800242a   Section        0  threshold_gpioi2c.o(i.I2C_Write_Len)
    i.IIC_Ack                                0x0800247c   Section        0  threshold_gpioi2c.o(i.IIC_Ack)
    i.IIC_NAck                               0x080024a4   Section        0  threshold_gpioi2c.o(i.IIC_NAck)
    i.IIC_Read_Byte                          0x080024cc   Section        0  threshold_gpioi2c.o(i.IIC_Read_Byte)
    i.IIC_Send_Byte                          0x08002524   Section        0  threshold_gpioi2c.o(i.IIC_Send_Byte)
    i.IIC_Start                              0x0800256c   Section        0  threshold_gpioi2c.o(i.IIC_Start)
    i.IIC_Stop                               0x0800259c   Section        0  threshold_gpioi2c.o(i.IIC_Stop)
    i.IIC_Wait_Ack                           0x080025d0   Section        0  threshold_gpioi2c.o(i.IIC_Wait_Ack)
    i.KeyInit                                0x08002618   Section        0  user_menu.o(i.KeyInit)
    i.Menu                                   0x08002624   Section        0  user_menu.o(i.Menu)
    i.MenuInit                               0x08002678   Section        0  user_menu.o(i.MenuInit)
    i.NMI_Handler                            0x08002690   Section        0  stm32l0xx_it.o(i.NMI_Handler)
    i.NVIC_SetPriority                       0x08002694   Section        0  stm32l0xx_hal_cortex.o(i.NVIC_SetPriority)
    NVIC_SetPriority                         0x08002695   Thumb Code    60  stm32l0xx_hal_cortex.o(i.NVIC_SetPriority)
    i.OLED_Clear                             0x080026d8   Section        0  threshold_oled.o(i.OLED_Clear)
    i.OLED_Delay_ms                          0x0800270c   Section        0  threshold_oled.o(i.OLED_Delay_ms)
    i.OLED_GPIO_Init                         0x08002724   Section        0  threshold_oled.o(i.OLED_GPIO_Init)
    i.OLED_Init                              0x08002762   Section        0  threshold_oled.o(i.OLED_Init)
    i.OLED_Set_XY                            0x08002826   Section        0  threshold_oled.o(i.OLED_Set_XY)
    i.OLED_WrCmd                             0x08002848   Section        0  threshold_oled.o(i.OLED_WrCmd)
    i.OLED_WrDat                             0x08002884   Section        0  threshold_oled.o(i.OLED_WrDat)
    i.OLED_Write_Char                        0x080028c4   Section        0  threshold_oled.o(i.OLED_Write_Char)
    i.OLED_Write_Num2                        0x0800294c   Section        0  threshold_oled.o(i.OLED_Write_Num2)
    i.OLED_Write_Num4                        0x08002974   Section        0  threshold_oled.o(i.OLED_Write_Num4)
    i.OLED_Write_String                      0x080029d8   Section        0  threshold_oled.o(i.OLED_Write_String)
    i.RTC_Bcd2ToByte                         0x080029fa   Section        0  stm32l0xx_hal_rtc.o(i.RTC_Bcd2ToByte)
    i.RTC_ByteToBcd2                         0x08002a0a   Section        0  stm32l0xx_hal_rtc.o(i.RTC_ByteToBcd2)
    i.RTC_EnterInitMode                      0x08002a20   Section        0  stm32l0xx_hal_rtc.o(i.RTC_EnterInitMode)
    i.RTC_IRQHandler                         0x08002a58   Section        0  stm32l0xx_it.o(i.RTC_IRQHandler)
    i.SVC_Handler                            0x08002a68   Section        0  port.o(i.SVC_Handler)
    i.SysTick_Handler                        0x08002a6a   Section        0  stm32l0xx_it.o(i.SysTick_Handler)
    i.SystemInit                             0x08002a78   Section        0  system_stm32l0xx.o(i.SystemInit)
    i.Task1                                  0x08002acc   Section        0  main.o(i.Task1)
    i.Task2                                  0x08002b24   Section        0  main.o(i.Task2)
    i.Task3                                  0x08002b60   Section        0  main.o(i.Task3)
    i.Threshold_GpioI2C_Init                 0x08002b98   Section        0  threshold_gpioi2c.o(i.Threshold_GpioI2C_Init)
    i.Threshold_HardWare_GPIO_Init           0x08002bc8   Section        0  threshold_gpio.o(i.Threshold_HardWare_GPIO_Init)
    i.Threshold_RTC_Init                     0x08002c58   Section        0  threshold_rtc.o(i.Threshold_RTC_Init)
    i.Threshold_RTC_TimeShow                 0x08002d04   Section        0  threshold_rtc.o(i.Threshold_RTC_TimeShow)
    i.Threshold_SystemClock_Config           0x08002d28   Section        0  threshold_sys.o(i.Threshold_SystemClock_Config)
    i.Threshold_Uart1_DMA_Init               0x08002e30   Section        0  threshold_uart.o(i.Threshold_Uart1_DMA_Init)
    i.UART_AdvFeatureConfig                  0x08002e60   Section        0  stm32l0xx_hal_uart.o(i.UART_AdvFeatureConfig)
    i.UART_CheckIdleState                    0x08002f2c   Section        0  stm32l0xx_hal_uart.o(i.UART_CheckIdleState)
    i.UART_SetConfig                         0x08002f80   Section        0  stm32l0xx_hal_uart.o(i.UART_SetConfig)
    i.UART_WaitOnFlagUntilTimeout            0x08003194   Section        0  stm32l0xx_hal_uart.o(i.UART_WaitOnFlagUntilTimeout)
    i.__ARM_common_switch8                   0x08003242   Section        0  stm32l0xx_hal_tim.o(i.__ARM_common_switch8)
    i._is_digit                              0x0800325c   Section        0  __printf_wp.o(i._is_digit)
    i._sys_exit                              0x0800326a   Section        0  threshold_uart.o(i._sys_exit)
    i.dvMMA9553_Read                         0x0800326c   Section        0  threshold_mma9553l.o(i.dvMMA9553_Read)
    i.dvMMA9553_Write                        0x0800327a   Section        0  threshold_mma9553l.o(i.dvMMA9553_Write)
    i.fputc                                  0x08003288   Section        0  threshold_uart.o(i.fputc)
    i.main                                   0x0800329c   Section        0  main.o(i.main)
    i.osSystickHandler                       0x0800336c   Section        0  cmsis_os.o(i.osSystickHandler)
    i.pedometer_active                       0x0800337c   Section        0  threshold_mma9553l.o(i.pedometer_active)
    i.pedometer_afe_config                   0x0800339c   Section        0  threshold_mma9553l.o(i.pedometer_afe_config)
    i.pedometer_cmd_readstatus               0x080033bc   Section        0  threshold_mma9553l.o(i.pedometer_cmd_readstatus)
    i.pedometer_enable                       0x080033d8   Section        0  threshold_mma9553l.o(i.pedometer_enable)
    i.pedometer_init                         0x080033f8   Section        0  threshold_mma9553l.o(i.pedometer_init)
    i.pedometer_int0_enable                  0x08003490   Section        0  threshold_mma9553l.o(i.pedometer_int0_enable)
    i.pedometer_main                         0x080034b0   Section        0  threshold_mma9553l.o(i.pedometer_main)
    i.pedometer_wakeup                       0x08003524   Section        0  threshold_mma9553l.o(i.pedometer_wakeup)
    i.pedometer_write_config                 0x08003544   Section        0  threshold_mma9553l.o(i.pedometer_write_config)
    i.prvAddCurrentTaskToDelayedList         0x08003578   Section        0  tasks.o(i.prvAddCurrentTaskToDelayedList)
    prvAddCurrentTaskToDelayedList           0x08003579   Thumb Code    46  tasks.o(i.prvAddCurrentTaskToDelayedList)
    i.prvCheckTasksWaitingTermination        0x080035ac   Section        0  tasks.o(i.prvCheckTasksWaitingTermination)
    prvCheckTasksWaitingTermination          0x080035ad   Thumb Code    78  tasks.o(i.prvCheckTasksWaitingTermination)
    i.prvCopyDataFromQueue                   0x08003604   Section        0  queue.o(i.prvCopyDataFromQueue)
    prvCopyDataFromQueue                     0x08003605   Thumb Code    38  queue.o(i.prvCopyDataFromQueue)
    i.prvCopyDataToQueue                     0x0800362a   Section        0  queue.o(i.prvCopyDataToQueue)
    prvCopyDataToQueue                       0x0800362b   Thumb Code   118  queue.o(i.prvCopyDataToQueue)
    i.prvHeapInit                            0x080036a0   Section        0  heap_4.o(i.prvHeapInit)
    prvHeapInit                              0x080036a1   Thumb Code    60  heap_4.o(i.prvHeapInit)
    i.prvIdleTask                            0x080036e4   Section        0  tasks.o(i.prvIdleTask)
    prvIdleTask                              0x080036e5   Thumb Code    18  tasks.o(i.prvIdleTask)
    i.prvInsertBlockIntoFreeList             0x080036fc   Section        0  heap_4.o(i.prvInsertBlockIntoFreeList)
    prvInsertBlockIntoFreeList               0x080036fd   Thumb Code    72  heap_4.o(i.prvInsertBlockIntoFreeList)
    i.prvResetNextTaskUnblockTime            0x08003748   Section        0  tasks.o(i.prvResetNextTaskUnblockTime)
    prvResetNextTaskUnblockTime              0x08003749   Thumb Code    28  tasks.o(i.prvResetNextTaskUnblockTime)
    i.prvTaskExitError                       0x08003768   Section        0  port.o(i.prvTaskExitError)
    prvTaskExitError                         0x08003769   Thumb Code    14  port.o(i.prvTaskExitError)
    i.prvUnlockQueue                         0x0800377c   Section        0  queue.o(i.prvUnlockQueue)
    prvUnlockQueue                           0x0800377d   Thumb Code   106  queue.o(i.prvUnlockQueue)
    i.pvPortMalloc                           0x080037e8   Section        0  heap_4.o(i.pvPortMalloc)
    i.pvTaskIncrementMutexHeldCount          0x08003898   Section        0  tasks.o(i.pvTaskIncrementMutexHeldCount)
    i.pxPortInitialiseStack                  0x080038b0   Section        0  port.o(i.pxPortInitialiseStack)
    i.uxListRemove                           0x080038d0   Section        0  list.o(i.uxListRemove)
    i.vHandleTask                            0x080038f4   Section        0  main.o(i.vHandleTask)
    vHandleTask                              0x080038f5   Thumb Code    32  main.o(i.vHandleTask)
    i.vListInitialise                        0x0800392c   Section        0  list.o(i.vListInitialise)
    i.vListInitialiseItem                    0x08003942   Section        0  list.o(i.vListInitialiseItem)
    i.vListInsert                            0x08003948   Section        0  list.o(i.vListInsert)
    i.vListInsertEnd                         0x08003978   Section        0  list.o(i.vListInsertEnd)
    i.vPortEnterCritical                     0x08003990   Section        0  port.o(i.vPortEnterCritical)
    i.vPortExitCritical                      0x080039a8   Section        0  port.o(i.vPortExitCritical)
    i.vPortFree                              0x080039c4   Section        0  heap_4.o(i.vPortFree)
    i.vPortYield                             0x08003a08   Section        0  port.o(i.vPortYield)
    i.vTaskDelayUntil                        0x08003a20   Section        0  tasks.o(i.vTaskDelayUntil)
    i.vTaskMissedYield                       0x08003a84   Section        0  tasks.o(i.vTaskMissedYield)
    i.vTaskPlaceOnEventList                  0x08003a90   Section        0  tasks.o(i.vTaskPlaceOnEventList)
    i.vTaskPriorityInherit                   0x08003ad0   Section        0  tasks.o(i.vTaskPriorityInherit)
    i.vTaskSetTimeOutState                   0x08003b34   Section        0  tasks.o(i.vTaskSetTimeOutState)
    i.vTaskStartScheduler                    0x08003b4c   Section        0  tasks.o(i.vTaskStartScheduler)
    i.vTaskSuspendAll                        0x08003b90   Section        0  tasks.o(i.vTaskSuspendAll)
    i.vTaskSwitchContext                     0x08003ba0   Section        0  tasks.o(i.vTaskSwitchContext)
    i.xPortStartScheduler                    0x08003bf8   Section        0  port.o(i.xPortStartScheduler)
    i.xPortSysTickHandler                    0x08003c44   Section        0  port.o(i.xPortSysTickHandler)
    i.xQueueGenericCreate                    0x08003c68   Section        0  queue.o(i.xQueueGenericCreate)
    i.xQueueGenericReceive                   0x08003cb4   Section        0  queue.o(i.xQueueGenericReceive)
    i.xQueueGenericReset                     0x08003dee   Section        0  queue.o(i.xQueueGenericReset)
    i.xQueueGenericSend                      0x08003e58   Section        0  queue.o(i.xQueueGenericSend)
    i.xQueueGiveFromISR                      0x08003f6e   Section        0  queue.o(i.xQueueGiveFromISR)
    i.xTaskCheckForTimeOut                   0x08003fe0   Section        0  tasks.o(i.xTaskCheckForTimeOut)
    i.xTaskGenericCreate                     0x08004034   Section        0  tasks.o(i.xTaskGenericCreate)
    i.xTaskGetSchedulerState                 0x080041b0   Section        0  tasks.o(i.xTaskGetSchedulerState)
    i.xTaskGetTickCount                      0x080041d0   Section        0  tasks.o(i.xTaskGetTickCount)
    i.xTaskIncrementTick                     0x080041dc   Section        0  tasks.o(i.xTaskIncrementTick)
    i.xTaskPriorityDisinherit                0x0800429c   Section        0  tasks.o(i.xTaskPriorityDisinherit)
    i.xTaskRemoveFromEventList               0x08004304   Section        0  tasks.o(i.xTaskRemoveFromEventList)
    i.xTaskResumeAll                         0x08004368   Section        0  tasks.o(i.xTaskResumeAll)
    .constdata                               0x08004410   Section       25  system_stm32l0xx.o(.constdata)
    x$fpl$usenofp                            0x08004410   Section        0  usenofp.o(x$fpl$usenofp)
    .constdata                               0x08004429   Section       16  stm32l0xx_hal_rcc.o(.constdata)
    APBAHBPrescTable                         0x08004429   Data          16  stm32l0xx_hal_rcc.o(.constdata)
    .constdata                               0x0800443a   Section        6  stm32l0xx_nucleo.o(.constdata)
    .constdata                               0x08004440   Section      420  threshold_oled.o(.constdata)
    .constdata                               0x080045e4   Section       17  __printf_flags_wp.o(.constdata)
    maptable                                 0x080045e4   Data          17  __printf_flags_wp.o(.constdata)
    .constdata                               0x080045f5   Section      128  ddiv.o(.constdata)
    ddiv_reciptbl                            0x080045f5   Data         128  ddiv.o(.constdata)
    .data                                    0x20000000   Section        4  system_stm32l0xx.o(.data)
    .data                                    0x20000004   Section        4  stm32l0xx_hal.o(.data)
    uwTick                                   0x20000004   Data           4  stm32l0xx_hal.o(.data)
    .data                                    0x20000008   Section        8  main.o(.data)
    xHigherPriorityTaskWoken                 0x20000008   Data           4  main.o(.data)
    .data                                    0x20000010   Section        5  user_menu.o(.data)
    .data                                    0x20000018   Section       20  stm32l0xx_nucleo.o(.data)
    sConfig                                  0x20000024   Data           8  stm32l0xx_nucleo.o(.data)
    .data                                    0x2000002c   Section        1  threshold_sys.o(.data)
    .data                                    0x20000030   Section        4  threshold_uart.o(.data)
    .data                                    0x20000034   Section        8  threshold_rtc.o(.data)
    .data                                    0x2000003c   Section       48  threshold_pulsesensor.o(.data)
    .data                                    0x2000006c   Section       56  tasks.o(.data)
    uxTasksDeleted                           0x20000070   Data           4  tasks.o(.data)
    uxCurrentNumberOfTasks                   0x20000074   Data           4  tasks.o(.data)
    xTickCount                               0x20000078   Data           4  tasks.o(.data)
    uxTopReadyPriority                       0x2000007c   Data           4  tasks.o(.data)
    xSchedulerRunning                        0x20000080   Data           4  tasks.o(.data)
    uxPendedTicks                            0x20000084   Data           4  tasks.o(.data)
    xYieldPending                            0x20000088   Data           4  tasks.o(.data)
    xNumOfOverflows                          0x2000008c   Data           4  tasks.o(.data)
    uxTaskNumber                             0x20000090   Data           4  tasks.o(.data)
    xNextTaskUnblockTime                     0x20000094   Data           4  tasks.o(.data)
    uxSchedulerSuspended                     0x20000098   Data           4  tasks.o(.data)
    pxDelayedTaskList                        0x2000009c   Data           4  tasks.o(.data)
    pxOverflowDelayedTaskList                0x200000a0   Data           4  tasks.o(.data)
    .data                                    0x200000a4   Section        4  port.o(.data)
    uxCriticalNesting                        0x200000a4   Data           4  port.o(.data)
    .data                                    0x200000a8   Section       24  heap_4.o(.data)
    pxEnd                                    0x200000a8   Data           4  heap_4.o(.data)
    xFreeBytesRemaining                      0x200000ac   Data           4  heap_4.o(.data)
    xMinimumEverFreeBytesRemaining           0x200000b0   Data           4  heap_4.o(.data)
    xBlockAllocatedBit                       0x200000b4   Data           4  heap_4.o(.data)
    xStart                                   0x200000b8   Data           8  heap_4.o(.data)
    .bss                                     0x200000c0   Section      352  threshold_uart.o(.bss)
    hdma_tx                                  0x200000c0   Data          60  threshold_uart.o(.bss)
    hdma_rx                                  0x200000fc   Data          60  threshold_uart.o(.bss)
    hdma_tx                                  0x20000138   Data          60  threshold_uart.o(.bss)
    hdma_rx                                  0x20000174   Data          60  threshold_uart.o(.bss)
    .bss                                     0x20000220   Section       76  threshold_rtc.o(.bss)
    .bss                                     0x2000026c   Section       14  threshold_mma9553l.o(.bss)
    .bss                                     0x2000027c   Section      240  tasks.o(.bss)
    pxReadyTasksLists                        0x2000027c   Data         140  tasks.o(.bss)
    xDelayedTaskList1                        0x20000308   Data          20  tasks.o(.bss)
    xDelayedTaskList2                        0x2000031c   Data          20  tasks.o(.bss)
    xPendingReadyList                        0x20000330   Data          20  tasks.o(.bss)
    xTasksWaitingTermination                 0x20000344   Data          20  tasks.o(.bss)
    xSuspendedTaskList                       0x20000358   Data          20  tasks.o(.bss)
    .bss                                     0x2000036c   Section     5120  heap_4.o(.bss)
    ucHeap                                   0x2000036c   Data        5120  heap_4.o(.bss)
    .bss                                     0x2000176c   Section       96  libspace.o(.bss)
    HEAP                                     0x200017d0   Section      512  startup_stm32l053xx.o(HEAP)
    Heap_Mem                                 0x200017d0   Data         512  startup_stm32l053xx.o(HEAP)
    STACK                                    0x200019d0   Section     1024  startup_stm32l053xx.o(STACK)
    Stack_Mem                                0x200019d0   Data        1024  startup_stm32l053xx.o(STACK)
    __initial_sp                             0x20001dd0   Data           0  startup_stm32l053xx.o(STACK)

    Global Symbols

    Symbol Name                              Value     Ov Type        Size  Object(Section)

    BuildAttributes$$THM_ISAv3M$S$PE$A:L22$X:L11$S22$IEEE1$IW$USESV6$~STKCKD$USESV7$~SHL$OTIME$ROPI$IEEEJ$EBA8$UX$STANDARDLIB$REQ8$PRES8$EABIv2 0x00000000   Number         0  anon$$obj.o ABSOLUTE
    __ARM_use_no_argv                        0x00000000   Number         0  main.o ABSOLUTE
    _printf_flags                            0x00000000   Number         0  printf_stubs.o ABSOLUTE
    _printf_return_value                     0x00000000   Number         0  printf_stubs.o ABSOLUTE
    _printf_sizespec                         0x00000000   Number         0  printf_stubs.o ABSOLUTE
    _printf_widthprec                        0x00000000   Number         0  printf_stubs.o ABSOLUTE
    __ARM_exceptions_init                     - Undefined Weak Reference
    __alloca_initialize                       - Undefined Weak Reference
    __arm_preinit_                            - Undefined Weak Reference
    __cpp_initialize__aeabi_                  - Undefined Weak Reference
    __cxa_finalize                            - Undefined Weak Reference
    __rt_locale                               - Undefined Weak Reference
    __sigvec_lookup                           - Undefined Weak Reference
    _atexit_init                              - Undefined Weak Reference
    _call_atexit_fns                          - Undefined Weak Reference
    _clock_init                               - Undefined Weak Reference
    _fp_trap_init                             - Undefined Weak Reference
    _fp_trap_shutdown                         - Undefined Weak Reference
    _get_lc_collate                           - Undefined Weak Reference
    _get_lc_ctype                             - Undefined Weak Reference
    _get_lc_monetary                          - Undefined Weak Reference
    _get_lc_numeric                           - Undefined Weak Reference
    _get_lc_time                              - Undefined Weak Reference
    _getenv_init                              - Undefined Weak Reference
    _handle_redirection                       - Undefined Weak Reference
    _init_alloc                               - Undefined Weak Reference
    _init_user_alloc                          - Undefined Weak Reference
    _initio                                   - Undefined Weak Reference
    _mutex_acquire                            - Undefined Weak Reference
    _mutex_release                            - Undefined Weak Reference
    _printf_truncate_signed                   - Undefined Weak Reference
    _printf_truncate_unsigned                 - Undefined Weak Reference
    _rand_init                                - Undefined Weak Reference
    _signal_finish                            - Undefined Weak Reference
    _signal_init                              - Undefined Weak Reference
    _terminate_alloc                          - Undefined Weak Reference
    _terminate_user_alloc                     - Undefined Weak Reference
    _terminateio                              - Undefined Weak Reference
    __Vectors_Size                           0x000000c0   Number         0  startup_stm32l053xx.o ABSOLUTE
    __Vectors                                0x08000000   Data           4  startup_stm32l053xx.o(RESET)
    __Vectors_End                            0x080000c0   Data           0  startup_stm32l053xx.o(RESET)
    __main                                   0x080000c1   Thumb Code     8  __main.o(!!!main)
    __scatterload                            0x080000c9   Thumb Code     0  __scatter.o(!!!scatter)
    __scatterload_rt2                        0x080000c9   Thumb Code    52  __scatter.o(!!!scatter)
    __scatterload_rt2_thumb_only             0x080000c9   Thumb Code     0  __scatter.o(!!!scatter)
    __scatterload_null                       0x080000d9   Thumb Code     0  __scatter.o(!!!scatter)
    __scatterload_copy                       0x08000105   Thumb Code    26  __scatter_copy.o(!!handler_copy)
    __scatterload_zeroinit                   0x08000121   Thumb Code    28  __scatter_zi.o(!!handler_zi)
    _printf_percent                          0x0800013d   Thumb Code     0  _printf_percent.o(.ARM.Collect$$_printf_percent$$00000000)
    _printf_d                                0x0800013f   Thumb Code     0  _printf_d.o(.ARM.Collect$$_printf_percent$$00000009)
    _printf_percent_end                      0x08000149   Thumb Code     0  _printf_percent_end.o(.ARM.Collect$$_printf_percent$$00000017)
    __rt_lib_init                            0x0800014d   Thumb Code     0  libinit.o(.ARM.Collect$$libinit$$00000000)
    __rt_lib_init_alloca_1                   0x0800014f   Thumb Code     0  libinit2.o(.ARM.Collect$$libinit$$0000002E)
    __rt_lib_init_argv_1                     0x0800014f   Thumb Code     0  libinit2.o(.ARM.Collect$$libinit$$0000002C)
    __rt_lib_init_atexit_1                   0x0800014f   Thumb Code     0  libinit2.o(.ARM.Collect$$libinit$$0000001B)
    __rt_lib_init_clock_1                    0x0800014f   Thumb Code     0  libinit2.o(.ARM.Collect$$libinit$$00000021)
    __rt_lib_init_cpp_1                      0x0800014f   Thumb Code     0  libinit2.o(.ARM.Collect$$libinit$$00000032)
    __rt_lib_init_exceptions_1               0x0800014f   Thumb Code     0  libinit2.o(.ARM.Collect$$libinit$$00000030)
    __rt_lib_init_fp_1                       0x0800014f   Thumb Code     0  libinit2.o(.ARM.Collect$$libinit$$00000002)
    __rt_lib_init_fp_trap_1                  0x0800014f   Thumb Code     0  libinit2.o(.ARM.Collect$$libinit$$0000001F)
    __rt_lib_init_getenv_1                   0x0800014f   Thumb Code     0  libinit2.o(.ARM.Collect$$libinit$$00000023)
    __rt_lib_init_heap_1                     0x0800014f   Thumb Code     0  libinit2.o(.ARM.Collect$$libinit$$0000000A)
    __rt_lib_init_lc_collate_1               0x0800014f   Thumb Code     0  libinit2.o(.ARM.Collect$$libinit$$00000011)
    __rt_lib_init_lc_ctype_1                 0x0800014f   Thumb Code     0  libinit2.o(.ARM.Collect$$libinit$$00000013)
    __rt_lib_init_lc_monetary_1              0x0800014f   Thumb Code     0  libinit2.o(.ARM.Collect$$libinit$$00000015)
    __rt_lib_init_lc_numeric_1               0x0800014f   Thumb Code     0  libinit2.o(.ARM.Collect$$libinit$$00000017)
    __rt_lib_init_lc_time_1                  0x0800014f   Thumb Code     0  libinit2.o(.ARM.Collect$$libinit$$00000019)
    __rt_lib_init_preinit_1                  0x0800014f   Thumb Code     0  libinit2.o(.ARM.Collect$$libinit$$00000004)
    __rt_lib_init_rand_1                     0x0800014f   Thumb Code     0  libinit2.o(.ARM.Collect$$libinit$$0000000E)
    __rt_lib_init_return                     0x0800014f   Thumb Code     0  libinit2.o(.ARM.Collect$$libinit$$00000033)
    __rt_lib_init_signal_1                   0x0800014f   Thumb Code     0  libinit2.o(.ARM.Collect$$libinit$$0000001D)
    __rt_lib_init_stdio_1                    0x0800014f   Thumb Code     0  libinit2.o(.ARM.Collect$$libinit$$00000025)
    __rt_lib_init_user_alloc_1               0x0800014f   Thumb Code     0  libinit2.o(.ARM.Collect$$libinit$$0000000C)
    __rt_lib_shutdown                        0x08000151   Thumb Code     0  libshutdown.o(.ARM.Collect$$libshutdown$$00000000)
    __rt_lib_shutdown_fp_trap_1              0x08000153   Thumb Code     0  libshutdown2.o(.ARM.Collect$$libshutdown$$00000006)
    __rt_lib_shutdown_heap_1                 0x08000153   Thumb Code     0  libshutdown2.o(.ARM.Collect$$libshutdown$$0000000E)
    __rt_lib_shutdown_return                 0x08000153   Thumb Code     0  libshutdown2.o(.ARM.Collect$$libshutdown$$0000000F)
    __rt_lib_shutdown_signal_1               0x08000153   Thumb Code     0  libshutdown2.o(.ARM.Collect$$libshutdown$$00000009)
    __rt_lib_shutdown_stdio_1                0x08000153   Thumb Code     0  libshutdown2.o(.ARM.Collect$$libshutdown$$00000003)
    __rt_lib_shutdown_user_alloc_1           0x08000153   Thumb Code     0  libshutdown2.o(.ARM.Collect$$libshutdown$$0000000B)
    __rt_entry                               0x08000155   Thumb Code     0  __rtentry.o(.ARM.Collect$$rtentry$$00000000)
    __rt_entry_presh_1                       0x08000155   Thumb Code     0  __rtentry2.o(.ARM.Collect$$rtentry$$00000002)
    __rt_entry_sh                            0x08000155   Thumb Code     0  __rtentry4.o(.ARM.Collect$$rtentry$$00000004)
    __rt_entry_li                            0x0800015b   Thumb Code     0  __rtentry2.o(.ARM.Collect$$rtentry$$0000000A)
    __rt_entry_postsh_1                      0x0800015b   Thumb Code     0  __rtentry2.o(.ARM.Collect$$rtentry$$00000009)
    __rt_entry_main                          0x0800015f   Thumb Code     0  __rtentry2.o(.ARM.Collect$$rtentry$$0000000D)
    __rt_entry_postli_1                      0x0800015f   Thumb Code     0  __rtentry2.o(.ARM.Collect$$rtentry$$0000000C)
    __rt_exit                                0x08000167   Thumb Code     0  rtexit.o(.ARM.Collect$$rtexit$$00000000)
    __rt_exit_ls                             0x08000169   Thumb Code     0  rtexit2.o(.ARM.Collect$$rtexit$$00000003)
    __rt_exit_prels_1                        0x08000169   Thumb Code     0  rtexit2.o(.ARM.Collect$$rtexit$$00000002)
    __rt_exit_exit                           0x0800016d   Thumb Code     0  rtexit2.o(.ARM.Collect$$rtexit$$00000004)
    __asm___6_port_c_39a90d8d__prvPortStartFirstTask 0x08000175   Thumb Code    28  port.o(.emb_text)
    ulSetInterruptMaskFromISR                0x08000195   Thumb Code     8  port.o(.emb_text)
    vClearInterruptMaskFromISR               0x0800019d   Thumb Code     6  port.o(.emb_text)
    PendSV_Handler                           0x080001a3   Thumb Code    62  port.o(.emb_text)
    __aeabi_memcpy4                          0x080001e5   Thumb Code    56  rt_memcpy.o(.emb_text)
    __aeabi_memcpy8                          0x080001e5   Thumb Code     0  rt_memcpy.o(.emb_text)
    Reset_Handler                            0x0800021d   Thumb Code     8  startup_stm32l053xx.o(.text)
    ADC1_COMP_IRQHandler                     0x0800022f   Thumb Code     0  startup_stm32l053xx.o(.text)
    DMA1_Channel1_IRQHandler                 0x0800022f   Thumb Code     0  startup_stm32l053xx.o(.text)
    DMA1_Channel2_3_IRQHandler               0x0800022f   Thumb Code     0  startup_stm32l053xx.o(.text)
    DMA1_Channel4_5_6_7_IRQHandler           0x0800022f   Thumb Code     0  startup_stm32l053xx.o(.text)
    EXTI0_1_IRQHandler                       0x0800022f   Thumb Code     0  startup_stm32l053xx.o(.text)
    EXTI2_3_IRQHandler                       0x0800022f   Thumb Code     0  startup_stm32l053xx.o(.text)
    FLASH_IRQHandler                         0x0800022f   Thumb Code     0  startup_stm32l053xx.o(.text)
    I2C1_IRQHandler                          0x0800022f   Thumb Code     0  startup_stm32l053xx.o(.text)
    I2C2_IRQHandler                          0x0800022f   Thumb Code     0  startup_stm32l053xx.o(.text)
    LCD_IRQHandler                           0x0800022f   Thumb Code     0  startup_stm32l053xx.o(.text)
    LPTIM1_IRQHandler                        0x0800022f   Thumb Code     0  startup_stm32l053xx.o(.text)
    PVD_IRQHandler                           0x0800022f   Thumb Code     0  startup_stm32l053xx.o(.text)
    RCC_CRS_IRQHandler                       0x0800022f   Thumb Code     0  startup_stm32l053xx.o(.text)
    RNG_LPUART1_IRQHandler                   0x0800022f   Thumb Code     0  startup_stm32l053xx.o(.text)
    SPI1_IRQHandler                          0x0800022f   Thumb Code     0  startup_stm32l053xx.o(.text)
    SPI2_IRQHandler                          0x0800022f   Thumb Code     0  startup_stm32l053xx.o(.text)
    TIM21_IRQHandler                         0x0800022f   Thumb Code     0  startup_stm32l053xx.o(.text)
    TIM22_IRQHandler                         0x0800022f   Thumb Code     0  startup_stm32l053xx.o(.text)
    TIM2_IRQHandler                          0x0800022f   Thumb Code     0  startup_stm32l053xx.o(.text)
    TIM6_DAC_IRQHandler                      0x0800022f   Thumb Code     0  startup_stm32l053xx.o(.text)
    TSC_IRQHandler                           0x0800022f   Thumb Code     0  startup_stm32l053xx.o(.text)
    USART1_IRQHandler                        0x0800022f   Thumb Code     0  startup_stm32l053xx.o(.text)
    USART2_IRQHandler                        0x0800022f   Thumb Code     0  startup_stm32l053xx.o(.text)
    USB_IRQHandler                           0x0800022f   Thumb Code     0  startup_stm32l053xx.o(.text)
    WWDG_IRQHandler                          0x0800022f   Thumb Code     0  startup_stm32l053xx.o(.text)
    __user_initial_stackheap                 0x08000231   Thumb Code     0  startup_stm32l053xx.o(.text)
    __use_no_semihosting                     0x08000255   Thumb Code     2  use_no_semi_2.o(.text)
    __2printf                                0x08000259   Thumb Code    22  noretval__2printf.o(.text)
    _printf_int_dec                          0x08000275   Thumb Code    90  _printf_dec.o(.text)
    __printf                                 0x080002e1   Thumb Code   306  __printf_flags_wp.o(.text)
    __aeabi_memcpy                           0x08000419   Thumb Code   130  rt_memcpy.o(.text)
    __rt_memcpy                              0x08000419   Thumb Code     0  rt_memcpy.o(.text)
    __aeabi_memset                           0x0800049b   Thumb Code    18  aeabi_memset.o(.text)
    _memset_w                                0x080004ad   Thumb Code    26  rt_memclr.o(.text)
    _memset                                  0x080004c7   Thumb Code    30  rt_memclr.o(.text)
    __aeabi_memclr                           0x080004e5   Thumb Code     4  rt_memclr.o(.text)
    __rt_memclr                              0x080004e5   Thumb Code     0  rt_memclr.o(.text)
    __aeabi_memclr4                          0x080004e9   Thumb Code     0  rt_memclr.o(.text)
    __aeabi_memclr8                          0x080004e9   Thumb Code     0  rt_memclr.o(.text)
    __rt_memclr_w                            0x080004e9   Thumb Code     4  rt_memclr.o(.text)
    __aeabi_uidiv                            0x080004ed   Thumb Code     0  aeabi_sdiv.o(.text)
    __aeabi_uidivmod                         0x080004ed   Thumb Code    20  aeabi_sdiv.o(.text)
    __aeabi_idiv                             0x08000501   Thumb Code     0  aeabi_sdiv.o(.text)
    __aeabi_idivmod                          0x08000501   Thumb Code   326  aeabi_sdiv.o(.text)
    __use_two_region_memory                  0x08000647   Thumb Code     2  heapauxi.o(.text)
    __rt_heap_escrow$2region                 0x08000649   Thumb Code     2  heapauxi.o(.text)
    __rt_heap_expand$2region                 0x0800064b   Thumb Code     2  heapauxi.o(.text)
    __aeabi_ddiv                             0x0800064d   Thumb Code     0  ddiv.o(.text)
    _ddiv                                    0x0800064d   Thumb Code  1072  ddiv.o(.text)
    _drdiv                                   0x08000a7d   Thumb Code    20  ddiv.o(.text)
    __aeabi_d2uiz                            0x08000a95   Thumb Code     0  dfixui.o(.text)
    _dfixu                                   0x08000a95   Thumb Code    68  dfixui.o(.text)
    __aeabi_i2d_normalise                    0x08000add   Thumb Code    66  dflti.o(.text)
    __aeabi_i2d                              0x08000b1f   Thumb Code    16  dflti.o(.text)
    _dflt                                    0x08000b1f   Thumb Code     0  dflti.o(.text)
    __aeabi_ui2d                             0x08000b2f   Thumb Code     6  dflti.o(.text)
    _dfltu                                   0x08000b2f   Thumb Code     0  dflti.o(.text)
    __ARM_scalbn                             0x08000b35   Thumb Code    84  dscalbn.o(.text)
    __I$use$semihosting                      0x08000b95   Thumb Code     0  use_no_semi.o(.text)
    __use_no_semihosting_swi                 0x08000b95   Thumb Code     2  use_no_semi.o(.text)
    _printf_int_common                       0x08000b97   Thumb Code   176  _printf_intcommon.o(.text)
    _printf_char_file                        0x08000c49   Thumb Code    34  _printf_char_file.o(.text)
    __rt_udiv10                              0x08000c71   Thumb Code    40  rtudiv10.o(.text)
    _printf_char_common                      0x08000ca3   Thumb Code    32  _printf_char_common.o(.text)
    ferror                                   0x08000cc9   Thumb Code     8  ferror.o(.text)
    __user_libspace                          0x08000cd1   Thumb Code     8  libspace.o(.text)
    __user_perproc_libspace                  0x08000cd1   Thumb Code     0  libspace.o(.text)
    __user_perthread_libspace                0x08000cd1   Thumb Code     0  libspace.o(.text)
    __user_setup_stackheap                   0x08000cd9   Thumb Code    62  sys_stackheap_outer.o(.text)
    exit                                     0x08000d17   Thumb Code    12  exit.o(.text)
    BSP_Init                                 0x08000d25   Thumb Code    82  threshold_sys.o(i.BSP_Init)
    BSP_LED_Off                              0x08000d7d   Thumb Code    22  stm32l0xx_nucleo.o(i.BSP_LED_Off)
    BSP_LED_On                               0x08000d9d   Thumb Code    22  stm32l0xx_nucleo.o(i.BSP_LED_On)
    BSP_LED_Toggle                           0x08000dbd   Thumb Code    20  stm32l0xx_nucleo.o(i.BSP_LED_Toggle)
    BSP_PB_Init                              0x08000dd9   Thumb Code   168  stm32l0xx_nucleo.o(i.BSP_PB_Init)
    DelayUs                                  0x08000e99   Thumb Code    16  threshold_gpioi2c.o(i.DelayUs)
    DisPlayAuthor                            0x08000eb9   Thumb Code    26  user_menu.o(i.DisPlayAuthor)
    DisPlayHeartBeat                         0x08000ee5   Thumb Code    26  user_menu.o(i.DisPlayHeartBeat)
    DisPlayRTC                               0x08000f11   Thumb Code   114  user_menu.o(i.DisPlayRTC)
    DisPlayStep                              0x08000f95   Thumb Code    86  user_menu.o(i.DisPlayStep)
    DisPlayTimeFigure                        0x08001015   Thumb Code    26  user_menu.o(i.DisPlayTimeFigure)
    EXTI4_15_IRQHandler                      0x08001041   Thumb Code    12  stm32l0xx_it.o(i.EXTI4_15_IRQHandler)
    GpioSDA_In                               0x0800104d   Thumb Code    18  threshold_gpioi2c.o(i.GpioSDA_In)
    GpioSDA_Out                              0x0800105f   Thumb Code    18  threshold_gpioi2c.o(i.GpioSDA_Out)
    HAL_DMA_Init                             0x08001071   Thumb Code   254  stm32l0xx_hal_dma.o(i.HAL_DMA_Init)
    HAL_GPIO_EXTI_Callback                   0x08001179   Thumb Code    30  main.o(i.HAL_GPIO_EXTI_Callback)
    HAL_GPIO_EXTI_IRQHandler                 0x080011a1   Thumb Code    18  stm32l0xx_hal_gpio.o(i.HAL_GPIO_EXTI_IRQHandler)
    HAL_GPIO_Init                            0x080011b9   Thumb Code   346  stm32l0xx_hal_gpio.o(i.HAL_GPIO_Init)
    HAL_GPIO_ReadPin                         0x08001331   Thumb Code    10  stm32l0xx_hal_gpio.o(i.HAL_GPIO_ReadPin)
    HAL_GPIO_TogglePin                       0x0800133b   Thumb Code     8  stm32l0xx_hal_gpio.o(i.HAL_GPIO_TogglePin)
    HAL_GPIO_WritePin                        0x08001343   Thumb Code    12  stm32l0xx_hal_gpio.o(i.HAL_GPIO_WritePin)
    HAL_GetTick                              0x08001351   Thumb Code     6  stm32l0xx_hal.o(i.HAL_GetTick)
    HAL_IncTick                              0x0800135d   Thumb Code    10  stm32l0xx_hal.o(i.HAL_IncTick)
    HAL_Init                                 0x0800136d   Thumb Code    34  stm32l0xx_hal.o(i.HAL_Init)
    HAL_InitTick                             0x08001395   Thumb Code    34  stm32l0xx_hal.o(i.HAL_InitTick)
    HAL_MspInit                              0x080013b7   Thumb Code     2  stm32l0xx_hal_msp_template.o(i.HAL_MspInit)
    HAL_NVIC_EnableIRQ                       0x080013b9   Thumb Code    14  stm32l0xx_hal_cortex.o(i.HAL_NVIC_EnableIRQ)
    HAL_NVIC_SetPriority                     0x080013cd   Thumb Code     8  stm32l0xx_hal_cortex.o(i.HAL_NVIC_SetPriority)
    HAL_RCCEx_PeriphCLKConfig                0x080013d5   Thumb Code   314  stm32l0xx_hal_rcc_ex.o(i.HAL_RCCEx_PeriphCLKConfig)
    HAL_RCC_ClockConfig                      0x0800151d   Thumb Code   502  stm32l0xx_hal_rcc.o(i.HAL_RCC_ClockConfig)
    HAL_RCC_GetHCLKFreq                      0x08001721   Thumb Code    26  stm32l0xx_hal_rcc.o(i.HAL_RCC_GetHCLKFreq)
    HAL_RCC_GetPCLK1Freq                     0x08001749   Thumb Code    22  stm32l0xx_hal_rcc.o(i.HAL_RCC_GetPCLK1Freq)
    HAL_RCC_GetPCLK2Freq                     0x08001769   Thumb Code    22  stm32l0xx_hal_rcc.o(i.HAL_RCC_GetPCLK2Freq)
    HAL_RCC_GetSysClockFreq                  0x08001789   Thumb Code   108  stm32l0xx_hal_rcc.o(i.HAL_RCC_GetSysClockFreq)
    HAL_RCC_OscConfig                        0x0800180d   Thumb Code  1068  stm32l0xx_hal_rcc.o(i.HAL_RCC_OscConfig)
    HAL_RTCEx_GetTimeStamp                   0x08001c39   Thumb Code   150  stm32l0xx_hal_rtc_ex.o(i.HAL_RTCEx_GetTimeStamp)
    HAL_RTCEx_SetTamper                      0x08001cd9   Thumb Code   176  stm32l0xx_hal_rtc_ex.o(i.HAL_RTCEx_SetTamper)
    HAL_RTCEx_SetTimeStamp_IT                0x08001d8d   Thumb Code    98  stm32l0xx_hal_rtc_ex.o(i.HAL_RTCEx_SetTimeStamp_IT)
    HAL_RTCEx_Tamper1EventCallback           0x08001df9   Thumb Code     2  stm32l0xx_hal_rtc_ex.o(i.HAL_RTCEx_Tamper1EventCallback)
    HAL_RTCEx_Tamper2EventCallback           0x08001dfb   Thumb Code     2  stm32l0xx_hal_rtc_ex.o(i.HAL_RTCEx_Tamper2EventCallback)
    HAL_RTCEx_TamperTimeStampIRQHandler      0x08001dfd   Thumb Code   124  stm32l0xx_hal_rtc_ex.o(i.HAL_RTCEx_TamperTimeStampIRQHandler)
    HAL_RTCEx_TimeStampEventCallback         0x08001e91   Thumb Code    32  threshold_rtc.o(i.HAL_RTCEx_TimeStampEventCallback)
    HAL_RTC_GetDate                          0x08001ebd   Thumb Code    68  stm32l0xx_hal_rtc.o(i.HAL_RTC_GetDate)
    HAL_RTC_GetTime                          0x08001f01   Thumb Code    88  stm32l0xx_hal_rtc.o(i.HAL_RTC_GetTime)
    HAL_RTC_Init                             0x08001f5d   Thumb Code   160  stm32l0xx_hal_rtc.o(i.HAL_RTC_Init)
    HAL_RTC_MspInit                          0x08002001   Thumb Code    72  threshold_rtc.o(i.HAL_RTC_MspInit)
    HAL_RTC_SetDate                          0x0800204d   Thumb Code   200  stm32l0xx_hal_rtc.o(i.HAL_RTC_SetDate)
    HAL_RTC_SetTime                          0x08002119   Thumb Code   234  stm32l0xx_hal_rtc.o(i.HAL_RTC_SetTime)
    HAL_RTC_WaitForSynchro                   0x08002209   Thumb Code    52  stm32l0xx_hal_rtc.o(i.HAL_RTC_WaitForSynchro)
    HAL_SYSTICK_Config                       0x0800223d   Thumb Code    38  stm32l0xx_hal_cortex.o(i.HAL_SYSTICK_Config)
    HAL_UART_Init                            0x0800226d   Thumb Code   104  stm32l0xx_hal_uart.o(i.HAL_UART_Init)
    HAL_UART_MspInit                         0x080022d5   Thumb Code   228  threshold_uart.o(i.HAL_UART_MspInit)
    HardFault_Handler                        0x080023c5   Thumb Code     2  stm32l0xx_it.o(i.HardFault_Handler)
    I2C_Read_Len                             0x080023c7   Thumb Code   100  threshold_gpioi2c.o(i.I2C_Read_Len)
    I2C_Write_Len                            0x0800242b   Thumb Code    82  threshold_gpioi2c.o(i.I2C_Write_Len)
    IIC_Ack                                  0x0800247d   Thumb Code    36  threshold_gpioi2c.o(i.IIC_Ack)
    IIC_NAck                                 0x080024a5   Thumb Code    36  threshold_gpioi2c.o(i.IIC_NAck)
    IIC_Read_Byte                            0x080024cd   Thumb Code    84  threshold_gpioi2c.o(i.IIC_Read_Byte)
    IIC_Send_Byte                            0x08002525   Thumb Code    66  threshold_gpioi2c.o(i.IIC_Send_Byte)
    IIC_Start                                0x0800256d   Thumb Code    42  threshold_gpioi2c.o(i.IIC_Start)
    IIC_Stop                                 0x0800259d   Thumb Code    48  threshold_gpioi2c.o(i.IIC_Stop)
    IIC_Wait_Ack                             0x080025d1   Thumb Code    66  threshold_gpioi2c.o(i.IIC_Wait_Ack)
    KeyInit                                  0x08002619   Thumb Code    12  user_menu.o(i.KeyInit)
    Menu                                     0x08002625   Thumb Code    80  user_menu.o(i.Menu)
    MenuInit                                 0x08002679   Thumb Code    20  user_menu.o(i.MenuInit)
    NMI_Handler                              0x08002691   Thumb Code     2  stm32l0xx_it.o(i.NMI_Handler)
    OLED_Clear                               0x080026d9   Thumb Code    52  threshold_oled.o(i.OLED_Clear)
    OLED_Delay_ms                            0x0800270d   Thumb Code    18  threshold_oled.o(i.OLED_Delay_ms)
    OLED_GPIO_Init                           0x08002725   Thumb Code    62  threshold_oled.o(i.OLED_GPIO_Init)
    OLED_Init                                0x08002763   Thumb Code   196  threshold_oled.o(i.OLED_Init)
    OLED_Set_XY                              0x08002827   Thumb Code    34  threshold_oled.o(i.OLED_Set_XY)
    OLED_WrCmd                               0x08002849   Thumb Code    54  threshold_oled.o(i.OLED_WrCmd)
    OLED_WrDat                               0x08002885   Thumb Code    60  threshold_oled.o(i.OLED_WrDat)
    OLED_Write_Char                          0x080028c5   Thumb Code   130  threshold_oled.o(i.OLED_Write_Char)
    OLED_Write_Num2                          0x0800294d   Thumb Code    40  threshold_oled.o(i.OLED_Write_Num2)
    OLED_Write_Num4                          0x08002975   Thumb Code   100  threshold_oled.o(i.OLED_Write_Num4)
    OLED_Write_String                        0x080029d9   Thumb Code    34  threshold_oled.o(i.OLED_Write_String)
    RTC_Bcd2ToByte                           0x080029fb   Thumb Code    16  stm32l0xx_hal_rtc.o(i.RTC_Bcd2ToByte)
    RTC_ByteToBcd2                           0x08002a0b   Thumb Code    22  stm32l0xx_hal_rtc.o(i.RTC_ByteToBcd2)
    RTC_EnterInitMode                        0x08002a21   Thumb Code    56  stm32l0xx_hal_rtc.o(i.RTC_EnterInitMode)
    RTC_IRQHandler                           0x08002a59   Thumb Code    10  stm32l0xx_it.o(i.RTC_IRQHandler)
    SVC_Handler                              0x08002a69   Thumb Code     2  port.o(i.SVC_Handler)
    SysTick_Handler                          0x08002a6b   Thumb Code    12  stm32l0xx_it.o(i.SysTick_Handler)
    SystemInit                               0x08002a79   Thumb Code    66  system_stm32l0xx.o(i.SystemInit)
    Task1                                    0x08002acd   Thumb Code    48  main.o(i.Task1)
    Task2                                    0x08002b25   Thumb Code    40  main.o(i.Task2)
    Task3                                    0x08002b61   Thumb Code    36  main.o(i.Task3)
    Threshold_GpioI2C_Init                   0x08002b99   Thumb Code    44  threshold_gpioi2c.o(i.Threshold_GpioI2C_Init)
    Threshold_HardWare_GPIO_Init             0x08002bc9   Thumb Code   124  threshold_gpio.o(i.Threshold_HardWare_GPIO_Init)
    Threshold_RTC_Init                       0x08002c59   Thumb Code   158  threshold_rtc.o(i.Threshold_RTC_Init)
    Threshold_RTC_TimeShow                   0x08002d05   Thumb Code    28  threshold_rtc.o(i.Threshold_RTC_TimeShow)
    Threshold_SystemClock_Config             0x08002d29   Thumb Code   250  threshold_sys.o(i.Threshold_SystemClock_Config)
    Threshold_Uart1_DMA_Init                 0x08002e31   Thumb Code    38  threshold_uart.o(i.Threshold_Uart1_DMA_Init)
    UART_AdvFeatureConfig                    0x08002e61   Thumb Code   202  stm32l0xx_hal_uart.o(i.UART_AdvFeatureConfig)
    UART_CheckIdleState                      0x08002f2d   Thumb Code    80  stm32l0xx_hal_uart.o(i.UART_CheckIdleState)
    UART_SetConfig                           0x08002f81   Thumb Code   484  stm32l0xx_hal_uart.o(i.UART_SetConfig)
    UART_WaitOnFlagUntilTimeout              0x08003195   Thumb Code   174  stm32l0xx_hal_uart.o(i.UART_WaitOnFlagUntilTimeout)
    __ARM_common_switch8                     0x08003243   Thumb Code    26  stm32l0xx_hal_tim.o(i.__ARM_common_switch8)
    _is_digit                                0x0800325d   Thumb Code    14  __printf_wp.o(i._is_digit)
    _sys_exit                                0x0800326b   Thumb Code     2  threshold_uart.o(i._sys_exit)
    dvMMA9553_Read                           0x0800326d   Thumb Code    14  threshold_mma9553l.o(i.dvMMA9553_Read)
    dvMMA9553_Write                          0x0800327b   Thumb Code    14  threshold_mma9553l.o(i.dvMMA9553_Write)
    fputc                                    0x08003289   Thumb Code    14  threshold_uart.o(i.fputc)
    main                                     0x0800329d   Thumb Code   138  main.o(i.main)
    osSystickHandler                         0x0800336d   Thumb Code    16  cmsis_os.o(i.osSystickHandler)
    pedometer_active                         0x0800337d   Thumb Code    24  threshold_mma9553l.o(i.pedometer_active)
    pedometer_afe_config                     0x0800339d   Thumb Code    24  threshold_mma9553l.o(i.pedometer_afe_config)
    pedometer_cmd_readstatus                 0x080033bd   Thumb Code    22  threshold_mma9553l.o(i.pedometer_cmd_readstatus)
    pedometer_enable                         0x080033d9   Thumb Code    24  threshold_mma9553l.o(i.pedometer_enable)
    pedometer_init                           0x080033f9   Thumb Code   114  threshold_mma9553l.o(i.pedometer_init)
    pedometer_int0_enable                    0x08003491   Thumb Code    24  threshold_mma9553l.o(i.pedometer_int0_enable)
    pedometer_main                           0x080034b1   Thumb Code   100  threshold_mma9553l.o(i.pedometer_main)
    pedometer_wakeup                         0x08003525   Thumb Code    24  threshold_mma9553l.o(i.pedometer_wakeup)
    pedometer_write_config                   0x08003545   Thumb Code    30  threshold_mma9553l.o(i.pedometer_write_config)
    pvPortMalloc                             0x080037e9   Thumb Code   172  heap_4.o(i.pvPortMalloc)
    pvTaskIncrementMutexHeldCount            0x08003899   Thumb Code    20  tasks.o(i.pvTaskIncrementMutexHeldCount)
    pxPortInitialiseStack                    0x080038b1   Thumb Code    28  port.o(i.pxPortInitialiseStack)
    uxListRemove                             0x080038d1   Thumb Code    36  list.o(i.uxListRemove)
    vListInitialise                          0x0800392d   Thumb Code    22  list.o(i.vListInitialise)
    vListInitialiseItem                      0x08003943   Thumb Code     6  list.o(i.vListInitialiseItem)
    vListInsert                              0x08003949   Thumb Code    48  list.o(i.vListInsert)
    vListInsertEnd                           0x08003979   Thumb Code    24  list.o(i.vListInsertEnd)
    vPortEnterCritical                       0x08003991   Thumb Code    20  port.o(i.vPortEnterCritical)
    vPortExitCritical                        0x080039a9   Thumb Code    22  port.o(i.vPortExitCritical)
    vPortFree                                0x080039c5   Thumb Code    62  heap_4.o(i.vPortFree)
    vPortYield                               0x08003a09   Thumb Code    18  port.o(i.vPortYield)
    vTaskDelayUntil                          0x08003a21   Thumb Code    94  tasks.o(i.vTaskDelayUntil)
    vTaskMissedYield                         0x08003a85   Thumb Code     8  tasks.o(i.vTaskMissedYield)
    vTaskPlaceOnEventList                    0x08003a91   Thumb Code    56  tasks.o(i.vTaskPlaceOnEventList)
    vTaskPriorityInherit                     0x08003ad1   Thumb Code    92  tasks.o(i.vTaskPriorityInherit)
    vTaskSetTimeOutState                     0x08003b35   Thumb Code    20  tasks.o(i.vTaskSetTimeOutState)
    vTaskStartScheduler                      0x08003b4d   Thumb Code    52  tasks.o(i.vTaskStartScheduler)
    vTaskSuspendAll                          0x08003b91   Thumb Code    10  tasks.o(i.vTaskSuspendAll)
    vTaskSwitchContext                       0x08003ba1   Thumb Code    78  tasks.o(i.vTaskSwitchContext)
    xPortStartScheduler                      0x08003bf9   Thumb Code    58  port.o(i.xPortStartScheduler)
    xPortSysTickHandler                      0x08003c45   Thumb Code    32  port.o(i.xPortSysTickHandler)
    xQueueGenericCreate                      0x08003c69   Thumb Code    76  queue.o(i.xQueueGenericCreate)
    xQueueGenericReceive                     0x08003cb5   Thumb Code   314  queue.o(i.xQueueGenericReceive)
    xQueueGenericReset                       0x08003def   Thumb Code   106  queue.o(i.xQueueGenericReset)
    xQueueGenericSend                        0x08003e59   Thumb Code   278  queue.o(i.xQueueGenericSend)
    xQueueGiveFromISR                        0x08003f6f   Thumb Code   114  queue.o(i.xQueueGiveFromISR)
    xTaskCheckForTimeOut                     0x08003fe1   Thumb Code    80  tasks.o(i.xTaskCheckForTimeOut)
    xTaskGenericCreate                       0x08004035   Thumb Code   370  tasks.o(i.xTaskGenericCreate)
    xTaskGetSchedulerState                   0x080041b1   Thumb Code    26  tasks.o(i.xTaskGetSchedulerState)
    xTaskGetTickCount                        0x080041d1   Thumb Code     6  tasks.o(i.xTaskGetTickCount)
    xTaskIncrementTick                       0x080041dd   Thumb Code   184  tasks.o(i.xTaskIncrementTick)
    xTaskPriorityDisinherit                  0x0800429d   Thumb Code    96  tasks.o(i.xTaskPriorityDisinherit)
    xTaskRemoveFromEventList                 0x08004305   Thumb Code    90  tasks.o(i.xTaskRemoveFromEventList)
    xTaskResumeAll                           0x08004369   Thumb Code   160  tasks.o(i.xTaskResumeAll)
    AHBPrescTable                            0x08004410   Data          16  system_stm32l0xx.o(.constdata)
    __I$use$fp                               0x08004410   Number         0  usenofp.o(x$fpl$usenofp)
    PLLMulTable                              0x08004420   Data           9  system_stm32l0xx.o(.constdata)
    BUTTON_IRQn                              0x0800443a   Data           1  stm32l0xx_nucleo.o(.constdata)
    LED_PIN                                  0x0800443c   Data           2  stm32l0xx_nucleo.o(.constdata)
    BUTTON_PIN                               0x0800443e   Data           2  stm32l0xx_nucleo.o(.constdata)
    SmallChars                               0x08004440   Data         420  threshold_oled.o(.constdata)
    Region$$Table$$Base                      0x08004678   Number         0  anon$$obj.o(Region$$Table)
    Region$$Table$$Limit                     0x08004698   Number         0  anon$$obj.o(Region$$Table)
    SystemCoreClock                          0x20000000   Data           4  system_stm32l0xx.o(.data)
    xSemaphore                               0x2000000c   Data           4  main.o(.data)
    key                                      0x20000010   Data           1  user_menu.o(.data)
    menu                                     0x20000011   Data           4  user_menu.o(.data)
    LED_PORT                                 0x20000018   Data           4  stm32l0xx_nucleo.o(.data)
    BUTTON_PORT                              0x2000001c   Data           4  stm32l0xx_nucleo.o(.data)
    SpixTimeout                              0x20000020   Data           4  stm32l0xx_nucleo.o(.data)
    Threshold_USE                            0x2000002c   Data           1  threshold_sys.o(.data)
    __stdout                                 0x20000030   Data           4  threshold_uart.o(.data)
    sdatestructureget                        0x20000034   Data           4  threshold_rtc.o(.data)
    sTimeStampDateget                        0x20000038   Data           4  threshold_rtc.o(.data)
    Pulse                                    0x2000003c   Data           1  threshold_pulsesensor.o(.data)
    QS                                       0x2000003d   Data           1  threshold_pulsesensor.o(.data)
    firstBeat                                0x2000003e   Data           1  threshold_pulsesensor.o(.data)
    secondBeat                               0x2000003f   Data           1  threshold_pulsesensor.o(.data)
    HeartBeat                                0x20000040   Data           2  threshold_pulsesensor.o(.data)
    IBI                                      0x20000044   Data           4  threshold_pulsesensor.o(.data)
    sampleCounter                            0x20000048   Data           4  threshold_pulsesensor.o(.data)
    lastBeatTime                             0x2000004c   Data           4  threshold_pulsesensor.o(.data)
    P                                        0x20000050   Data           4  threshold_pulsesensor.o(.data)
    T                                        0x20000054   Data           4  threshold_pulsesensor.o(.data)
    thresh                                   0x20000058   Data           4  threshold_pulsesensor.o(.data)
    amp                                      0x2000005c   Data           4  threshold_pulsesensor.o(.data)
    BPM                                      0x20000060   Data           4  threshold_pulsesensor.o(.data)
    Signal                                   0x20000064   Data           4  threshold_pulsesensor.o(.data)
    Num                                      0x20000068   Data           4  threshold_pulsesensor.o(.data)
    pxCurrentTCB                             0x2000006c   Data           4  tasks.o(.data)
    UartHandle                               0x200001b0   Data         112  threshold_uart.o(.bss)
    RtcHandle                                0x20000220   Data          36  threshold_rtc.o(.bss)
    stimestructureget                        0x20000244   Data          20  threshold_rtc.o(.bss)
    sTimeStampget                            0x20000258   Data          20  threshold_rtc.o(.bss)
    m_status                                 0x2000026c   Data          14  threshold_mma9553l.o(.bss)
    __libspace_start                         0x2000176c   Data          96  libspace.o(.bss)
    __temporary_stack_top$libspace           0x200017cc   Data           0  libspace.o(.bss)



==============================================================================

Memory Map of the image

  Image Entry point : 0x080000c1

  Load Region LR_IROM1 (Base: 0x08000000, Size: 0x00004758, Max: 0x00010000, ABSOLUTE)

    Execution Region ER_IROM1 (Base: 0x08000000, Size: 0x00004698, Max: 0x00010000, ABSOLUTE)

    Base Addr    Size         Type   Attr      Idx    E Section Name        Object

    0x08000000   0x000000c0   Data   RO         6052    RESET               startup_stm32l053xx.o
    0x080000c0   0x00000008   Code   RO         8139  * !!!main             c_p.l(__main.o)
    0x080000c8   0x0000003c   Code   RO         8376    !!!scatter          c_p.l(__scatter.o)
    0x08000104   0x0000001a   Code   RO         8378    !!handler_copy      c_p.l(__scatter_copy.o)
    0x0800011e   0x00000002   PAD
    0x08000120   0x0000001c   Code   RO         8380    !!handler_zi        c_p.l(__scatter_zi.o)
    0x0800013c   0x00000002   Code   RO         8118    .ARM.Collect$$_printf_percent$$00000000  c_p.l(_printf_percent.o)
    0x0800013e   0x0000000a   Code   RO         8117    .ARM.Collect$$_printf_percent$$00000009  c_p.l(_printf_d.o)
    0x08000148   0x00000004   Code   RO         8190    .ARM.Collect$$_printf_percent$$00000017  c_p.l(_printf_percent_end.o)
    0x0800014c   0x00000002   Code   RO         8247    .ARM.Collect$$libinit$$00000000  c_p.l(libinit.o)
    0x0800014e   0x00000000   Code   RO         8262    .ARM.Collect$$libinit$$00000002  c_p.l(libinit2.o)
    0x0800014e   0x00000000   Code   RO         8264    .ARM.Collect$$libinit$$00000004  c_p.l(libinit2.o)
    0x0800014e   0x00000000   Code   RO         8267    .ARM.Collect$$libinit$$0000000A  c_p.l(libinit2.o)
    0x0800014e   0x00000000   Code   RO         8269    .ARM.Collect$$libinit$$0000000C  c_p.l(libinit2.o)
    0x0800014e   0x00000000   Code   RO         8271    .ARM.Collect$$libinit$$0000000E  c_p.l(libinit2.o)
    0x0800014e   0x00000000   Code   RO         8274    .ARM.Collect$$libinit$$00000011  c_p.l(libinit2.o)
    0x0800014e   0x00000000   Code   RO         8276    .ARM.Collect$$libinit$$00000013  c_p.l(libinit2.o)
    0x0800014e   0x00000000   Code   RO         8278    .ARM.Collect$$libinit$$00000015  c_p.l(libinit2.o)
    0x0800014e   0x00000000   Code   RO         8280    .ARM.Collect$$libinit$$00000017  c_p.l(libinit2.o)
    0x0800014e   0x00000000   Code   RO         8282    .ARM.Collect$$libinit$$00000019  c_p.l(libinit2.o)
    0x0800014e   0x00000000   Code   RO         8284    .ARM.Collect$$libinit$$0000001B  c_p.l(libinit2.o)
    0x0800014e   0x00000000   Code   RO         8286    .ARM.Collect$$libinit$$0000001D  c_p.l(libinit2.o)
    0x0800014e   0x00000000   Code   RO         8288    .ARM.Collect$$libinit$$0000001F  c_p.l(libinit2.o)
    0x0800014e   0x00000000   Code   RO         8290    .ARM.Collect$$libinit$$00000021  c_p.l(libinit2.o)
    0x0800014e   0x00000000   Code   RO         8292    .ARM.Collect$$libinit$$00000023  c_p.l(libinit2.o)
    0x0800014e   0x00000000   Code   RO         8294    .ARM.Collect$$libinit$$00000025  c_p.l(libinit2.o)
    0x0800014e   0x00000000   Code   RO         8298    .ARM.Collect$$libinit$$0000002C  c_p.l(libinit2.o)
    0x0800014e   0x00000000   Code   RO         8300    .ARM.Collect$$libinit$$0000002E  c_p.l(libinit2.o)
    0x0800014e   0x00000000   Code   RO         8302    .ARM.Collect$$libinit$$00000030  c_p.l(libinit2.o)
    0x0800014e   0x00000000   Code   RO         8304    .ARM.Collect$$libinit$$00000032  c_p.l(libinit2.o)
    0x0800014e   0x00000002   Code   RO         8305    .ARM.Collect$$libinit$$00000033  c_p.l(libinit2.o)
    0x08000150   0x00000002   Code   RO         8333    .ARM.Collect$$libshutdown$$00000000  c_p.l(libshutdown.o)
    0x08000152   0x00000000   Code   RO         8361    .ARM.Collect$$libshutdown$$00000003  c_p.l(libshutdown2.o)
    0x08000152   0x00000000   Code   RO         8364    .ARM.Collect$$libshutdown$$00000006  c_p.l(libshutdown2.o)
    0x08000152   0x00000000   Code   RO         8367    .ARM.Collect$$libshutdown$$00000009  c_p.l(libshutdown2.o)
    0x08000152   0x00000000   Code   RO         8369    .ARM.Collect$$libshutdown$$0000000B  c_p.l(libshutdown2.o)
    0x08000152   0x00000000   Code   RO         8372    .ARM.Collect$$libshutdown$$0000000E  c_p.l(libshutdown2.o)
    0x08000152   0x00000002   Code   RO         8373    .ARM.Collect$$libshutdown$$0000000F  c_p.l(libshutdown2.o)
    0x08000154   0x00000000   Code   RO         8179    .ARM.Collect$$rtentry$$00000000  c_p.l(__rtentry.o)
    0x08000154   0x00000000   Code   RO         8199    .ARM.Collect$$rtentry$$00000002  c_p.l(__rtentry2.o)
    0x08000154   0x00000006   Code   RO         8211    .ARM.Collect$$rtentry$$00000004  c_p.l(__rtentry4.o)
    0x0800015a   0x00000000   Code   RO         8201    .ARM.Collect$$rtentry$$00000009  c_p.l(__rtentry2.o)
    0x0800015a   0x00000004   Code   RO         8202    .ARM.Collect$$rtentry$$0000000A  c_p.l(__rtentry2.o)
    0x0800015e   0x00000000   Code   RO         8204    .ARM.Collect$$rtentry$$0000000C  c_p.l(__rtentry2.o)
    0x0800015e   0x00000008   Code   RO         8205    .ARM.Collect$$rtentry$$0000000D  c_p.l(__rtentry2.o)
    0x08000166   0x00000002   Code   RO         8253    .ARM.Collect$$rtexit$$00000000  c_p.l(rtexit.o)
    0x08000168   0x00000000   Code   RO         8309    .ARM.Collect$$rtexit$$00000002  c_p.l(rtexit2.o)
    0x08000168   0x00000004   Code   RO         8310    .ARM.Collect$$rtexit$$00000003  c_p.l(rtexit2.o)
    0x0800016c   0x00000006   Code   RO         8311    .ARM.Collect$$rtexit$$00000004  c_p.l(rtexit2.o)
    0x08000172   0x00000002   PAD
    0x08000174   0x00000070   Code   RO         7605    .emb_text           port.o
    0x080001e4   0x00000038   Code   RO         8123    .emb_text           c_p.l(rt_memcpy.o)
    0x0800021c   0x00000038   Code   RO         6053    .text               startup_stm32l053xx.o
    0x08000254   0x00000002   Code   RO         8063    .text               c_p.l(use_no_semi_2.o)
    0x08000256   0x00000002   PAD
    0x08000258   0x0000001c   Code   RO         8067    .text               c_p.l(noretval__2printf.o)
    0x08000274   0x0000006c   Code   RO         8073    .text               c_p.l(_printf_dec.o)
    0x080002e0   0x00000138   Code   RO         8108    .text               c_p.l(__printf_flags_wp.o)
    0x08000418   0x00000082   Code   RO         8124    .text               c_p.l(rt_memcpy.o)
    0x0800049a   0x00000012   Code   RO         8127    .text               c_p.l(aeabi_memset.o)
    0x080004ac   0x00000040   Code   RO         8129    .text               c_p.l(rt_memclr.o)
    0x080004ec   0x0000015a   Code   RO         8133    .text               c_p.l(aeabi_sdiv.o)
    0x08000646   0x00000006   Code   RO         8137    .text               c_p.l(heapauxi.o)
    0x0800064c   0x00000448   Code   RO         8145    .text               fz_ps.l(ddiv.o)
    0x08000a94   0x00000048   Code   RO         8148    .text               fz_ps.l(dfixui.o)
    0x08000adc   0x00000058   Code   RO         8150    .text               fz_ps.l(dflti.o)
    0x08000b34   0x00000060   Code   RO         8152    .text               fz_ps.l(dscalbn.o)
    0x08000b94   0x00000002   Code   RO         8177    .text               c_p.l(use_no_semi.o)
    0x08000b96   0x000000b0   Code   RO         8186    .text               c_p.l(_printf_intcommon.o)
    0x08000c46   0x00000002   PAD
    0x08000c48   0x00000028   Code   RO         8188    .text               c_p.l(_printf_char_file.o)
    0x08000c70   0x00000028   Code   RO         8191    .text               c_p.l(rtudiv10.o)
    0x08000c98   0x00000030   Code   RO         8220    .text               c_p.l(_printf_char_common.o)
    0x08000cc8   0x00000008   Code   RO         8222    .text               c_p.l(ferror.o)
    0x08000cd0   0x00000008   Code   RO         8228    .text               c_p.l(libspace.o)
    0x08000cd8   0x0000003e   Code   RO         8231    .text               c_p.l(sys_stackheap_outer.o)
    0x08000d16   0x0000000c   Code   RO         8236    .text               c_p.l(exit.o)
    0x08000d22   0x00000002   PAD
    0x08000d24   0x00000058   Code   RO         6257    i.BSP_Init          threshold_sys.o
    0x08000d7c   0x00000020   Code   RO         6064    i.BSP_LED_Off       stm32l0xx_nucleo.o
    0x08000d9c   0x00000020   Code   RO         6065    i.BSP_LED_On        stm32l0xx_nucleo.o
    0x08000dbc   0x0000001c   Code   RO         6066    i.BSP_LED_Toggle    stm32l0xx_nucleo.o
    0x08000dd8   0x000000c0   Code   RO         6068    i.BSP_PB_Init       stm32l0xx_nucleo.o
    0x08000e98   0x00000010   Code   RO         6690    i.DelayUs           threshold_gpioi2c.o
    0x08000ea8   0x0000000e   Code   RO         6874    i.Delay_US          threshold_mma9553l.o
    0x08000eb6   0x00000002   PAD
    0x08000eb8   0x0000002c   Code   RO         5974    i.DisPlayAuthor     user_menu.o
    0x08000ee4   0x0000002c   Code   RO         5975    i.DisPlayHeartBeat  user_menu.o
    0x08000f10   0x00000084   Code   RO         5976    i.DisPlayRTC        user_menu.o
    0x08000f94   0x00000080   Code   RO         5977    i.DisPlayStep       user_menu.o
    0x08001014   0x0000002c   Code   RO         5978    i.DisPlayTimeFigure  user_menu.o
    0x08001040   0x0000000c   Code   RO         5768    i.EXTI4_15_IRQHandler  stm32l0xx_it.o
    0x0800104c   0x00000012   Code   RO         6691    i.GpioSDA_In        threshold_gpioi2c.o
    0x0800105e   0x00000012   Code   RO         6692    i.GpioSDA_Out       threshold_gpioi2c.o
    0x08001070   0x00000108   Code   RO         1152    i.HAL_DMA_Init      stm32l0xx_hal_dma.o
    0x08001178   0x00000028   Code   RO         5603    i.HAL_GPIO_EXTI_Callback  main.o
    0x080011a0   0x00000018   Code   RO         1494    i.HAL_GPIO_EXTI_IRQHandler  stm32l0xx_hal_gpio.o
    0x080011b8   0x00000178   Code   RO         1495    i.HAL_GPIO_Init     stm32l0xx_hal_gpio.o
    0x08001330   0x0000000a   Code   RO         1497    i.HAL_GPIO_ReadPin  stm32l0xx_hal_gpio.o
    0x0800133a   0x00000008   Code   RO         1498    i.HAL_GPIO_TogglePin  stm32l0xx_hal_gpio.o
    0x08001342   0x0000000c   Code   RO         1499    i.HAL_GPIO_WritePin  stm32l0xx_hal_gpio.o
    0x0800134e   0x00000002   PAD
    0x08001350   0x0000000c   Code   RO          219    i.HAL_GetTick       stm32l0xx_hal.o
    0x0800135c   0x00000010   Code   RO          220    i.HAL_IncTick       stm32l0xx_hal.o
    0x0800136c   0x00000028   Code   RO          221    i.HAL_Init          stm32l0xx_hal.o
    0x08001394   0x00000022   Code   RO          222    i.HAL_InitTick      stm32l0xx_hal.o
    0x080013b6   0x00000002   Code   RO         2645    i.HAL_MspInit       stm32l0xx_hal_msp_template.o
    0x080013b8   0x00000014   Code   RO          746    i.HAL_NVIC_EnableIRQ  stm32l0xx_hal_cortex.o
    0x080013cc   0x00000008   Code   RO          750    i.HAL_NVIC_SetPriority  stm32l0xx_hal_cortex.o
    0x080013d4   0x00000148   Code   RO         3195    i.HAL_RCCEx_PeriphCLKConfig  stm32l0xx_hal_rcc_ex.o
    0x0800151c   0x00000204   Code   RO         3089    i.HAL_RCC_ClockConfig  stm32l0xx_hal_rcc.o
    0x08001720   0x00000028   Code   RO         3093    i.HAL_RCC_GetHCLKFreq  stm32l0xx_hal_rcc.o
    0x08001748   0x00000020   Code   RO         3095    i.HAL_RCC_GetPCLK1Freq  stm32l0xx_hal_rcc.o
    0x08001768   0x00000020   Code   RO         3096    i.HAL_RCC_GetPCLK2Freq  stm32l0xx_hal_rcc.o
    0x08001788   0x00000084   Code   RO         3097    i.HAL_RCC_GetSysClockFreq  stm32l0xx_hal_rcc.o
    0x0800180c   0x0000042c   Code   RO         3100    i.HAL_RCC_OscConfig  stm32l0xx_hal_rcc.o
    0x08001c38   0x000000a0   Code   RO         3521    i.HAL_RTCEx_GetTimeStamp  stm32l0xx_hal_rtc_ex.o
    0x08001cd8   0x000000b4   Code   RO         3532    i.HAL_RTCEx_SetTamper  stm32l0xx_hal_rtc_ex.o
    0x08001d8c   0x0000006c   Code   RO         3535    i.HAL_RTCEx_SetTimeStamp_IT  stm32l0xx_hal_rtc_ex.o
    0x08001df8   0x00000002   Code   RO         3538    i.HAL_RTCEx_Tamper1EventCallback  stm32l0xx_hal_rtc_ex.o
    0x08001dfa   0x00000002   Code   RO         3539    i.HAL_RTCEx_Tamper2EventCallback  stm32l0xx_hal_rtc_ex.o
    0x08001dfc   0x00000094   Code   RO         3540    i.HAL_RTCEx_TamperTimeStampIRQHandler  stm32l0xx_hal_rtc_ex.o
    0x08001e90   0x0000002c   Code   RO         6483    i.HAL_RTCEx_TimeStampEventCallback  threshold_rtc.o
    0x08001ebc   0x00000044   Code   RO         3383    i.HAL_RTC_GetDate   stm32l0xx_hal_rtc.o
    0x08001f00   0x0000005c   Code   RO         3385    i.HAL_RTC_GetTime   stm32l0xx_hal_rtc.o
    0x08001f5c   0x000000a4   Code   RO         3386    i.HAL_RTC_Init      stm32l0xx_hal_rtc.o
    0x08002000   0x0000004c   Code   RO         6485    i.HAL_RTC_MspInit   threshold_rtc.o
    0x0800204c   0x000000cc   Code   RO         3392    i.HAL_RTC_SetDate   stm32l0xx_hal_rtc.o
    0x08002118   0x000000f0   Code   RO         3393    i.HAL_RTC_SetTime   stm32l0xx_hal_rtc.o
    0x08002208   0x00000034   Code   RO         3394    i.HAL_RTC_WaitForSynchro  stm32l0xx_hal_rtc.o
    0x0800223c   0x00000030   Code   RO          754    i.HAL_SYSTICK_Config  stm32l0xx_hal_cortex.o
    0x0800226c   0x00000068   Code   RO         5017    i.HAL_UART_Init     stm32l0xx_hal_uart.o
    0x080022d4   0x000000f0   Code   RO         6306    i.HAL_UART_MspInit  threshold_uart.o
    0x080023c4   0x00000002   Code   RO         5769    i.HardFault_Handler  stm32l0xx_it.o
    0x080023c6   0x00000064   Code   RO         6693    i.I2C_Read_Len      threshold_gpioi2c.o
    0x0800242a   0x00000052   Code   RO         6694    i.I2C_Write_Len     threshold_gpioi2c.o
    0x0800247c   0x00000028   Code   RO         6695    i.IIC_Ack           threshold_gpioi2c.o
    0x080024a4   0x00000028   Code   RO         6696    i.IIC_NAck          threshold_gpioi2c.o
    0x080024cc   0x00000058   Code   RO         6697    i.IIC_Read_Byte     threshold_gpioi2c.o
    0x08002524   0x00000048   Code   RO         6698    i.IIC_Send_Byte     threshold_gpioi2c.o
    0x0800256c   0x00000030   Code   RO         6699    i.IIC_Start         threshold_gpioi2c.o
    0x0800259c   0x00000034   Code   RO         6700    i.IIC_Stop          threshold_gpioi2c.o
    0x080025d0   0x00000048   Code   RO         6701    i.IIC_Wait_Ack      threshold_gpioi2c.o
    0x08002618   0x0000000c   Code   RO         5980    i.KeyInit           user_menu.o
    0x08002624   0x00000054   Code   RO         5981    i.Menu              user_menu.o
    0x08002678   0x00000018   Code   RO         5982    i.MenuInit          user_menu.o
    0x08002690   0x00000002   Code   RO         5771    i.NMI_Handler       stm32l0xx_it.o
    0x08002692   0x00000002   PAD
    0x08002694   0x00000044   Code   RO          756    i.NVIC_SetPriority  stm32l0xx_hal_cortex.o
    0x080026d8   0x00000034   Code   RO         6780    i.OLED_Clear        threshold_oled.o
    0x0800270c   0x00000018   Code   RO         6781    i.OLED_Delay_ms     threshold_oled.o
    0x08002724   0x0000003e   Code   RO         6782    i.OLED_GPIO_Init    threshold_oled.o
    0x08002762   0x000000c4   Code   RO         6783    i.OLED_Init         threshold_oled.o
    0x08002826   0x00000022   Code   RO         6784    i.OLED_Set_XY       threshold_oled.o
    0x08002848   0x0000003c   Code   RO         6785    i.OLED_WrCmd        threshold_oled.o
    0x08002884   0x00000040   Code   RO         6786    i.OLED_WrDat        threshold_oled.o
    0x080028c4   0x00000088   Code   RO         6787    i.OLED_Write_Char   threshold_oled.o
    0x0800294c   0x00000028   Code   RO         6788    i.OLED_Write_Num2   threshold_oled.o
    0x08002974   0x00000064   Code   RO         6790    i.OLED_Write_Num4   threshold_oled.o
    0x080029d8   0x00000022   Code   RO         6792    i.OLED_Write_String  threshold_oled.o
    0x080029fa   0x00000010   Code   RO         3395    i.RTC_Bcd2ToByte    stm32l0xx_hal_rtc.o
    0x08002a0a   0x00000016   Code   RO         3396    i.RTC_ByteToBcd2    stm32l0xx_hal_rtc.o
    0x08002a20   0x00000038   Code   RO         3397    i.RTC_EnterInitMode  stm32l0xx_hal_rtc.o
    0x08002a58   0x00000010   Code   RO         5772    i.RTC_IRQHandler    stm32l0xx_it.o
    0x08002a68   0x00000002   Code   RO         7606    i.SVC_Handler       port.o
    0x08002a6a   0x0000000c   Code   RO         5773    i.SysTick_Handler   stm32l0xx_it.o
    0x08002a76   0x00000002   PAD
    0x08002a78   0x00000054   Code   RO            4    i.SystemInit        system_stm32l0xx.o
    0x08002acc   0x00000058   Code   RO         5604    i.Task1             main.o
    0x08002b24   0x0000003c   Code   RO         5605    i.Task2             main.o
    0x08002b60   0x00000038   Code   RO         5606    i.Task3             main.o
    0x08002b98   0x00000030   Code   RO         6702    i.Threshold_GpioI2C_Init  threshold_gpioi2c.o
    0x08002bc8   0x00000090   Code   RO         6220    i.Threshold_HardWare_GPIO_Init  threshold_gpio.o
    0x08002c58   0x000000ac   Code   RO         6486    i.Threshold_RTC_Init  threshold_rtc.o
    0x08002d04   0x00000024   Code   RO         6487    i.Threshold_RTC_TimeShow  threshold_rtc.o
    0x08002d28   0x00000108   Code   RO         6259    i.Threshold_SystemClock_Config  threshold_sys.o
    0x08002e30   0x00000030   Code   RO         6309    i.Threshold_Uart1_DMA_Init  threshold_uart.o
    0x08002e60   0x000000ca   Code   RO         5030    i.UART_AdvFeatureConfig  stm32l0xx_hal_uart.o
    0x08002f2a   0x00000002   PAD
    0x08002f2c   0x00000054   Code   RO         5031    i.UART_CheckIdleState  stm32l0xx_hal_uart.o
    0x08002f80   0x00000214   Code   RO         5038    i.UART_SetConfig    stm32l0xx_hal_uart.o
    0x08003194   0x000000ae   Code   RO         5040    i.UART_WaitOnFlagUntilTimeout  stm32l0xx_hal_uart.o
    0x08003242   0x0000001a   Code   RO         4953    i.__ARM_common_switch8  stm32l0xx_hal_tim.o
    0x0800325c   0x0000000e   Code   RO         8106    i._is_digit         c_p.l(__printf_wp.o)
    0x0800326a   0x00000002   Code   RO         6318    i._sys_exit         threshold_uart.o
    0x0800326c   0x0000000e   Code   RO         6875    i.dvMMA9553_Read    threshold_mma9553l.o
    0x0800327a   0x0000000e   Code   RO         6876    i.dvMMA9553_Write   threshold_mma9553l.o
    0x08003288   0x00000014   Code   RO         6319    i.fputc             threshold_uart.o
    0x0800329c   0x000000d0   Code   RO         5607    i.main              main.o
    0x0800336c   0x00000010   Code   RO         7760    i.osSystickHandler  cmsis_os.o
    0x0800337c   0x00000020   Code   RO         6877    i.pedometer_active  threshold_mma9553l.o
    0x0800339c   0x00000020   Code   RO         6878    i.pedometer_afe_config  threshold_mma9553l.o
    0x080033bc   0x0000001c   Code   RO         6884    i.pedometer_cmd_readstatus  threshold_mma9553l.o
    0x080033d8   0x00000020   Code   RO         6887    i.pedometer_enable  threshold_mma9553l.o
    0x080033f8   0x00000098   Code   RO         6888    i.pedometer_init    threshold_mma9553l.o
    0x08003490   0x00000020   Code   RO         6889    i.pedometer_int0_enable  threshold_mma9553l.o
    0x080034b0   0x00000074   Code   RO         6890    i.pedometer_main    threshold_mma9553l.o
    0x08003524   0x00000020   Code   RO         6893    i.pedometer_wakeup  threshold_mma9553l.o
    0x08003544   0x00000034   Code   RO         6894    i.pedometer_write_config  threshold_mma9553l.o
    0x08003578   0x00000034   Code   RO         7312    i.prvAddCurrentTaskToDelayedList  tasks.o
    0x080035ac   0x00000058   Code   RO         7313    i.prvCheckTasksWaitingTermination  tasks.o
    0x08003604   0x00000026   Code   RO         7140    i.prvCopyDataFromQueue  queue.o
    0x0800362a   0x00000076   Code   RO         7141    i.prvCopyDataToQueue  queue.o
    0x080036a0   0x00000044   Code   RO         7676    i.prvHeapInit       heap_4.o
    0x080036e4   0x00000018   Code   RO         7314    i.prvIdleTask       tasks.o
    0x080036fc   0x0000004c   Code   RO         7677    i.prvInsertBlockIntoFreeList  heap_4.o
    0x08003748   0x00000020   Code   RO         7316    i.prvResetNextTaskUnblockTime  tasks.o
    0x08003768   0x00000014   Code   RO         7607    i.prvTaskExitError  port.o
    0x0800377c   0x0000006a   Code   RO         7142    i.prvUnlockQueue    queue.o
    0x080037e6   0x00000002   PAD
    0x080037e8   0x000000b0   Code   RO         7678    i.pvPortMalloc      heap_4.o
    0x08003898   0x00000018   Code   RO         7318    i.pvTaskIncrementMutexHeldCount  tasks.o
    0x080038b0   0x00000020   Code   RO         7608    i.pxPortInitialiseStack  port.o
    0x080038d0   0x00000024   Code   RO         7091    i.uxListRemove      list.o
    0x080038f4   0x00000038   Code   RO         5608    i.vHandleTask       main.o
    0x0800392c   0x00000016   Code   RO         7092    i.vListInitialise   list.o
    0x08003942   0x00000006   Code   RO         7093    i.vListInitialiseItem  list.o
    0x08003948   0x00000030   Code   RO         7094    i.vListInsert       list.o
    0x08003978   0x00000018   Code   RO         7095    i.vListInsertEnd    list.o
    0x08003990   0x00000018   Code   RO         7610    i.vPortEnterCritical  port.o
    0x080039a8   0x0000001c   Code   RO         7611    i.vPortExitCritical  port.o
    0x080039c4   0x00000044   Code   RO         7679    i.vPortFree         heap_4.o
    0x08003a08   0x00000018   Code   RO         7612    i.vPortYield        port.o
    0x08003a20   0x00000064   Code   RO         7327    i.vTaskDelayUntil   tasks.o
    0x08003a84   0x0000000c   Code   RO         7330    i.vTaskMissedYield  tasks.o
    0x08003a90   0x00000040   Code   RO         7332    i.vTaskPlaceOnEventList  tasks.o
    0x08003ad0   0x00000064   Code   RO         7334    i.vTaskPriorityInherit  tasks.o
    0x08003b34   0x00000018   Code   RO         7338    i.vTaskSetTimeOutState  tasks.o
    0x08003b4c   0x00000044   Code   RO         7339    i.vTaskStartScheduler  tasks.o
    0x08003b90   0x00000010   Code   RO         7341    i.vTaskSuspendAll   tasks.o
    0x08003ba0   0x00000058   Code   RO         7342    i.vTaskSwitchContext  tasks.o
    0x08003bf8   0x0000004c   Code   RO         7613    i.xPortStartScheduler  port.o
    0x08003c44   0x00000024   Code   RO         7614    i.xPortSysTickHandler  port.o
    0x08003c68   0x0000004c   Code   RO         7154    i.xQueueGenericCreate  queue.o
    0x08003cb4   0x0000013a   Code   RO         7155    i.xQueueGenericReceive  queue.o
    0x08003dee   0x0000006a   Code   RO         7156    i.xQueueGenericReset  queue.o
    0x08003e58   0x00000116   Code   RO         7157    i.xQueueGenericSend  queue.o
    0x08003f6e   0x00000072   Code   RO         7160    i.xQueueGiveFromISR  queue.o
    0x08003fe0   0x00000054   Code   RO         7343    i.xTaskCheckForTimeOut  tasks.o
    0x08004034   0x0000017c   Code   RO         7344    i.xTaskGenericCreate  tasks.o
    0x080041b0   0x00000020   Code   RO         7347    i.xTaskGetSchedulerState  tasks.o
    0x080041d0   0x0000000c   Code   RO         7348    i.xTaskGetTickCount  tasks.o
    0x080041dc   0x000000c0   Code   RO         7350    i.xTaskIncrementTick  tasks.o
    0x0800429c   0x00000068   Code   RO         7353    i.xTaskPriorityDisinherit  tasks.o
    0x08004304   0x00000064   Code   RO         7354    i.xTaskRemoveFromEventList  tasks.o
    0x08004368   0x000000a8   Code   RO         7356    i.xTaskResumeAll    tasks.o
    0x08004410   0x00000000   Code   RO         8197    x$fpl$usenofp       fz_ps.l(usenofp.o)
    0x08004410   0x00000019   Data   RO            5    .constdata          system_stm32l0xx.o
    0x08004429   0x00000010   Data   RO         3101    .constdata          stm32l0xx_hal_rcc.o
    0x08004439   0x00000001   PAD
    0x0800443a   0x00000006   Data   RO         6084    .constdata          stm32l0xx_nucleo.o
    0x08004440   0x000001a4   Data   RO         6793    .constdata          threshold_oled.o
    0x080045e4   0x00000011   Data   RO         8109    .constdata          c_p.l(__printf_flags_wp.o)
    0x080045f5   0x00000080   Data   RO         8146    .constdata          fz_ps.l(ddiv.o)
    0x08004675   0x00000003   PAD
    0x08004678   0x00000020   Data   RO         8374    Region$$Table       anon$$obj.o


    Execution Region RW_IRAM1 (Base: 0x20000000, Size: 0x00001dd0, Max: 0x00002000, ABSOLUTE)

    Base Addr    Size         Type   Attr      Idx    E Section Name        Object

    0x20000000   0x00000004   Data   RW            6    .data               system_stm32l0xx.o
    0x20000004   0x00000004   Data   RW          233    .data               stm32l0xx_hal.o
    0x20000008   0x00000008   Data   RW         5609    .data               main.o
    0x20000010   0x00000005   Data   RW         5983    .data               user_menu.o
    0x20000015   0x00000003   PAD
    0x20000018   0x00000014   Data   RW         6085    .data               stm32l0xx_nucleo.o
    0x2000002c   0x00000001   Data   RW         6261    .data               threshold_sys.o
    0x2000002d   0x00000003   PAD
    0x20000030   0x00000004   Data   RW         6322    .data               threshold_uart.o
    0x20000034   0x00000008   Data   RW         6489    .data               threshold_rtc.o
    0x2000003c   0x00000030   Data   RW         7014    .data               threshold_pulsesensor.o
    0x2000006c   0x00000038   Data   RW         7359    .data               tasks.o
    0x200000a4   0x00000004   Data   RW         7615    .data               port.o
    0x200000a8   0x00000018   Data   RW         7684    .data               heap_4.o
    0x200000c0   0x00000160   Zero   RW         6320    .bss                threshold_uart.o
    0x20000220   0x0000004c   Zero   RW         6488    .bss                threshold_rtc.o
    0x2000026c   0x0000000e   Zero   RW         6895    .bss                threshold_mma9553l.o
    0x2000027a   0x00000002   PAD
    0x2000027c   0x000000f0   Zero   RW         7358    .bss                tasks.o
    0x2000036c   0x00001400   Zero   RW         7683    .bss                heap_4.o
    0x2000176c   0x00000060   Zero   RW         8229    .bss                c_p.l(libspace.o)
    0x200017cc   0x00000004   PAD
    0x200017d0   0x00000200   Zero   RW         6051    HEAP                startup_stm32l053xx.o
    0x200019d0   0x00000400   Zero   RW         6050    STACK               startup_stm32l053xx.o


==============================================================================

Image component sizes


      Code (inc. data)   RO Data    RW Data    ZI Data      Debug   Object Name

        16          0          0          0          0        463   cmsis_os.o
       388         22          0         24       5120       3503   heap_4.o
       136          0          0          0          0       4186   list.o
       508        184          0          8          0      25987   main.o
       354         58          0          4          0       6016   port.o
      1150          0          0          0          0       7634   queue.o
        56         26        192          0       1536        580   startup_stm32l053xx.o
       102         18          0          4          0       2858   stm32l0xx_hal.o
       144         24          0          0          0       9773   stm32l0xx_hal_cortex.o
       264         10          0          0          0       1231   stm32l0xx_hal_dma.o
       430         36          0          0          0       3623   stm32l0xx_hal_gpio.o
         2          0          0          0          0        466   stm32l0xx_hal_msp_template.o
      1820        102         16          0          0       6076   stm32l0xx_hal_rcc.o
       328         14          0          0          0       1340   stm32l0xx_hal_rcc_ex.o
       914         18          0          0          0       6304   stm32l0xx_hal_rtc.o
       600         48          0          0          0       4251   stm32l0xx_hal_rtc_ex.o
        26          0          0          0          0         72   stm32l0xx_hal_tim.o
      1096         76          0          0          0       4309   stm32l0xx_hal_uart.o
        44          6          0          0          0       2087   stm32l0xx_it.o
       284         52          6         20          0      11574   stm32l0xx_nucleo.o
        84         18         25          4          0     246957   system_stm32l0xx.o
      1764        152          0         56        240      15805   tasks.o
       144         20          0          0          0       1195   threshold_gpio.o
       694         38          0          0          0       7192   threshold_gpioi2c.o
       550        122          0          0         14       7592   threshold_mma9553l.o
       802         22        420          0          0       6491   threshold_oled.o
         0          0          0         48          0       1096   threshold_pulsesensor.o
       328         38          0          8         76       3167   threshold_rtc.o
       352         20          0          1          0       2042   threshold_sys.o
       310         28          0          4        352       4716   threshold_uart.o
       512        130          0          5          0       4833   user_menu.o

    ----------------------------------------------------------------------
     14214       1282        692        192       7340     403419   Object Totals
         0          0         32          0          0          0   (incl. Generated)
        12          0          1          6          2          0   (incl. Padding)

    ----------------------------------------------------------------------

      Code (inc. data)   RO Data    RW Data    ZI Data      Debug   Library Member Name

         8          0          0          0          0         68   __main.o
       312          6         17          0          0         76   __printf_flags_wp.o
        14          0          0          0          0         60   __printf_wp.o
         0          0          0          0          0          0   __rtentry.o
        12          0          0          0          0          0   __rtentry2.o
         6          0          0          0          0          0   __rtentry4.o
        60          8          0          0          0          0   __scatter.o
        26          0          0          0          0          0   __scatter_copy.o
        28          0          0          0          0          0   __scatter_zi.o
        48          6          0          0          0         88   _printf_char_common.o
        40          6          0          0          0         72   _printf_char_file.o
        10          0          0          0          0          0   _printf_d.o
       108         18          0          0          0         76   _printf_dec.o
       176          0          0          0          0         84   _printf_intcommon.o
         2          0          0          0          0          0   _printf_percent.o
         4          0          0          0          0          0   _printf_percent_end.o
        18          0          0          0          0         68   aeabi_memset.o
       346          0          0          0          0         92   aeabi_sdiv.o
        12          0          0          0          0         64   exit.o
         8          0          0          0          0         60   ferror.o
         6          0          0          0          0        136   heapauxi.o
         2          0          0          0          0          0   libinit.o
         2          0          0          0          0          0   libinit2.o
         2          0          0          0          0          0   libshutdown.o
         2          0          0          0          0          0   libshutdown2.o
         8          4          0          0         96         68   libspace.o
        28          6          0          0          0         84   noretval__2printf.o
        64          0          0          0          0        108   rt_memclr.o
       186          0          0          0          0        144   rt_memcpy.o
         2          0          0          0          0          0   rtexit.o
        10          0          0          0          0          0   rtexit2.o
        40          0          0          0          0         60   rtudiv10.o
        62          0          0          0          0         80   sys_stackheap_outer.o
         2          0          0          0          0         68   use_no_semi.o
         2          0          0          0          0         68   use_no_semi_2.o
      1096         26        128          0          0        112   ddiv.o
        72          4          0          0          0         68   dfixui.o
        88          0          0          0          0         92   dflti.o
        96         12          0          0          0         72   dscalbn.o
         0          0          0          0          0          0   usenofp.o

    ----------------------------------------------------------------------
      3018         96        148          0        100       1968   Library Totals
        10          0          3          0          4          0   (incl. Padding)

    ----------------------------------------------------------------------

      Code (inc. data)   RO Data    RW Data    ZI Data      Debug   Library Name

      1656         54         17          0         96       1624   c_p.l
      1352         42        128          0          0        344   fz_ps.l

    ----------------------------------------------------------------------
      3018         96        148          0        100       1968   Library Totals

    ----------------------------------------------------------------------

==============================================================================


      Code (inc. data)   RO Data    RW Data    ZI Data      Debug   

     17232       1378        840        192       7440     397519   Grand Totals
     17232       1378        840        192       7440     397519   ELF Image Totals
     17232       1378        840        192          0          0   ROM Totals

==============================================================================

    Total RO  Size (Code + RO Data)                18072 (  17.65kB)
    Total RW  Size (RW Data + ZI Data)              7632 (   7.45kB)
    Total ROM Size (Code + RO Data + RW Data)      18264 (  17.84kB)

==============================================================================

